Archive member included to satisfy reference by file (symbol)

c:/st/stm32cubeide_1.9.0/stm32cubeide/plugins/com.st.stm32cube.ide.mcu.externaltools.gnu-tools-for-stm32.10.3-2021.10.win32_1.0.0.202111181127/tools/bin/../lib/gcc/arm-none-eabi/10.3.1/../../../../arm-none-eabi/lib/thumb/v7e-m+dp/hard\libc_nano.a(lib_a-errno.o)
                              ./Core/Src/syscalls.o (__errno)
c:/st/stm32cubeide_1.9.0/stm32cubeide/plugins/com.st.stm32cube.ide.mcu.externaltools.gnu-tools-for-stm32.10.3-2021.10.win32_1.0.0.202111181127/tools/bin/../lib/gcc/arm-none-eabi/10.3.1/../../../../arm-none-eabi/lib/thumb/v7e-m+dp/hard\libc_nano.a(lib_a-exit.o)
                              c:/st/stm32cubeide_1.9.0/stm32cubeide/plugins/com.st.stm32cube.ide.mcu.externaltools.gnu-tools-for-stm32.10.3-2021.10.win32_1.0.0.202111181127/tools/bin/../lib/gcc/arm-none-eabi/10.3.1/../../../../arm-none-eabi/lib/thumb/v7e-m+dp/hard/crt0.o (exit)
c:/st/stm32cubeide_1.9.0/stm32cubeide/plugins/com.st.stm32cube.ide.mcu.externaltools.gnu-tools-for-stm32.10.3-2021.10.win32_1.0.0.202111181127/tools/bin/../lib/gcc/arm-none-eabi/10.3.1/../../../../arm-none-eabi/lib/thumb/v7e-m+dp/hard\libc_nano.a(lib_a-impure.o)
                              c:/st/stm32cubeide_1.9.0/stm32cubeide/plugins/com.st.stm32cube.ide.mcu.externaltools.gnu-tools-for-stm32.10.3-2021.10.win32_1.0.0.202111181127/tools/bin/../lib/gcc/arm-none-eabi/10.3.1/../../../../arm-none-eabi/lib/thumb/v7e-m+dp/hard\libc_nano.a(lib_a-exit.o) (_global_impure_ptr)
c:/st/stm32cubeide_1.9.0/stm32cubeide/plugins/com.st.stm32cube.ide.mcu.externaltools.gnu-tools-for-stm32.10.3-2021.10.win32_1.0.0.202111181127/tools/bin/../lib/gcc/arm-none-eabi/10.3.1/../../../../arm-none-eabi/lib/thumb/v7e-m+dp/hard\libc_nano.a(lib_a-init.o)
                              c:/st/stm32cubeide_1.9.0/stm32cubeide/plugins/com.st.stm32cube.ide.mcu.externaltools.gnu-tools-for-stm32.10.3-2021.10.win32_1.0.0.202111181127/tools/bin/../lib/gcc/arm-none-eabi/10.3.1/../../../../arm-none-eabi/lib/thumb/v7e-m+dp/hard/crt0.o (__libc_init_array)
c:/st/stm32cubeide_1.9.0/stm32cubeide/plugins/com.st.stm32cube.ide.mcu.externaltools.gnu-tools-for-stm32.10.3-2021.10.win32_1.0.0.202111181127/tools/bin/../lib/gcc/arm-none-eabi/10.3.1/../../../../arm-none-eabi/lib/thumb/v7e-m+dp/hard\libc_nano.a(lib_a-memcpy-stub.o)
                              ./Core/Src/dict_and_queue.o (memcpy)
c:/st/stm32cubeide_1.9.0/stm32cubeide/plugins/com.st.stm32cube.ide.mcu.externaltools.gnu-tools-for-stm32.10.3-2021.10.win32_1.0.0.202111181127/tools/bin/../lib/gcc/arm-none-eabi/10.3.1/../../../../arm-none-eabi/lib/thumb/v7e-m+dp/hard\libc_nano.a(lib_a-memset.o)
                              c:/st/stm32cubeide_1.9.0/stm32cubeide/plugins/com.st.stm32cube.ide.mcu.externaltools.gnu-tools-for-stm32.10.3-2021.10.win32_1.0.0.202111181127/tools/bin/../lib/gcc/arm-none-eabi/10.3.1/../../../../arm-none-eabi/lib/thumb/v7e-m+dp/hard/crt0.o (memset)
c:/st/stm32cubeide_1.9.0/stm32cubeide/plugins/com.st.stm32cube.ide.mcu.externaltools.gnu-tools-for-stm32.10.3-2021.10.win32_1.0.0.202111181127/tools/bin/../lib/gcc/arm-none-eabi/10.3.1/../../../../arm-none-eabi/lib/thumb/v7e-m+dp/hard\libm.a(lib_a-w_sqrt.o)
                              ./Core/Src/timers.o (sqrt)
c:/st/stm32cubeide_1.9.0/stm32cubeide/plugins/com.st.stm32cube.ide.mcu.externaltools.gnu-tools-for-stm32.10.3-2021.10.win32_1.0.0.202111181127/tools/bin/../lib/gcc/arm-none-eabi/10.3.1/../../../../arm-none-eabi/lib/thumb/v7e-m+dp/hard\libm.a(lib_a-e_sqrt.o)
                              c:/st/stm32cubeide_1.9.0/stm32cubeide/plugins/com.st.stm32cube.ide.mcu.externaltools.gnu-tools-for-stm32.10.3-2021.10.win32_1.0.0.202111181127/tools/bin/../lib/gcc/arm-none-eabi/10.3.1/../../../../arm-none-eabi/lib/thumb/v7e-m+dp/hard\libm.a(lib_a-w_sqrt.o) (__ieee754_sqrt)
c:/st/stm32cubeide_1.9.0/stm32cubeide/plugins/com.st.stm32cube.ide.mcu.externaltools.gnu-tools-for-stm32.10.3-2021.10.win32_1.0.0.202111181127/tools/bin/../lib/gcc/arm-none-eabi/10.3.1/thumb/v7e-m+dp/hard\libgcc.a(_aeabi_uldivmod.o)
                              ./Drivers/STM32H7xx_HAL_Driver/Src/stm32h7xx_hal_uart.o (__aeabi_uldivmod)
c:/st/stm32cubeide_1.9.0/stm32cubeide/plugins/com.st.stm32cube.ide.mcu.externaltools.gnu-tools-for-stm32.10.3-2021.10.win32_1.0.0.202111181127/tools/bin/../lib/gcc/arm-none-eabi/10.3.1/thumb/v7e-m+dp/hard\libgcc.a(_udivmoddi4.o)
                              c:/st/stm32cubeide_1.9.0/stm32cubeide/plugins/com.st.stm32cube.ide.mcu.externaltools.gnu-tools-for-stm32.10.3-2021.10.win32_1.0.0.202111181127/tools/bin/../lib/gcc/arm-none-eabi/10.3.1/thumb/v7e-m+dp/hard\libgcc.a(_aeabi_uldivmod.o) (__udivmoddi4)
c:/st/stm32cubeide_1.9.0/stm32cubeide/plugins/com.st.stm32cube.ide.mcu.externaltools.gnu-tools-for-stm32.10.3-2021.10.win32_1.0.0.202111181127/tools/bin/../lib/gcc/arm-none-eabi/10.3.1/thumb/v7e-m+dp/hard\libgcc.a(_dvmd_tls.o)
[...]
Memory Configuration

Name             Origin             Length             Attributes
FLASH            0x0000000008000000 0x0000000000200000 xr
DTCMRAM          0x0000000020000000 0x0000000000020000 xrw
RAM_D1           0x0000000024000000 0x0000000000080000 xrw
RAM_D2           0x0000000030000000 0x0000000000048000 xrw
RAM_D3           0x0000000038000000 0x0000000000010000 xrw
ITCMRAM          0x0000000000000000 0x0000000000010000 xrw
*default*        0x0000000000000000 0xffffffffffffffff

Linker script and memory map

LOAD c:/st/stm32cubeide_1.9.0/stm32cubeide/plugins/com.st.stm32cube.ide.mcu.externaltools.gnu-tools-for-stm32.10.3-2021.10.win32_1.0.0.202111181127/tools/bin/../lib/gcc/arm-none-eabi/10.3.1/thumb/v7e-m+dp/hard/crti.o
LOAD c:/st/stm32cubeide_1.9.0/stm32cubeide/plugins/com.st.stm32cube.ide.mcu.externaltools.gnu-tools-for-stm32.10.3-2021.10.win32_1.0.0.202111181127/tools/bin/../lib/gcc/arm-none-eabi/10.3.1/thumb/v7e-m+dp/hard/crtbegin.o
LOAD c:/st/stm32cubeide_1.9.0/stm32cubeide/plugins/com.st.stm32cube.ide.mcu.externaltools.gnu-tools-for-stm32.10.3-2021.10.win32_1.0.0.202111181127/tools/bin/../lib/gcc/arm-none-eabi/10.3.1/../../../../arm-none-eabi/lib/thumb/v7e-m+dp/hard/crt0.o
LOAD ./Core/Src/dict_and_queue.o
LOAD ./Core/Src/dynamic_memory.o
LOAD ./Core/Src/led_functions.o
LOAD ./Core/Src/main.o
LOAD ./Core/Src/stm32h7xx_hal_msp.o
LOAD ./Core/Src/stm32h7xx_it.o
LOAD ./Core/Src/syscalls.o
LOAD ./Core/Src/sysmem.o
LOAD ./Core/Src/system_stm32h7xx.o
LOAD ./Core/Src/timers.o
LOAD ./Core/Startup/startup_stm32h753zitx.o
LOAD ./Drivers/STM32H7xx_HAL_Driver/Src/stm32h7xx_hal.o
LOAD ./Drivers/STM32H7xx_HAL_Driver/Src/stm32h7xx_hal_cortex.o
LOAD ./Drivers/STM32H7xx_HAL_Driver/Src/stm32h7xx_hal_dma.o
LOAD ./Drivers/STM32H7xx_HAL_Driver/Src/stm32h7xx_hal_dma_ex.o
LOAD ./Drivers/STM32H7xx_HAL_Driver/Src/stm32h7xx_hal_exti.o
LOAD ./Drivers/STM32H7xx_HAL_Driver/Src/stm32h7xx_hal_flash.o
LOAD ./Drivers/STM32H7xx_HAL_Driver/Src/stm32h7xx_hal_flash_ex.o
LOAD ./Drivers/STM32H7xx_HAL_Driver/Src/stm32h7xx_hal_gpio.o
LOAD ./Drivers/STM32H7xx_HAL_Driver/Src/stm32h7xx_hal_hsem.o
LOAD ./Drivers/STM32H7xx_HAL_Driver/Src/stm32h7xx_hal_i2c.o
LOAD ./Drivers/STM32H7xx_HAL_Driver/Src/stm32h7xx_hal_i2c_ex.o
LOAD ./Drivers/STM32H7xx_HAL_Driver/Src/stm32h7xx_hal_mdma.o
LOAD ./Drivers/STM32H7xx_HAL_Driver/Src/stm32h7xx_hal_pwr.o
LOAD ./Drivers/STM32H7xx_HAL_Driver/Src/stm32h7xx_hal_pwr_ex.o
LOAD ./Drivers/STM32H7xx_HAL_Driver/Src/stm32h7xx_hal_rcc.o
LOAD ./Drivers/STM32H7xx_HAL_Driver/Src/stm32h7xx_hal_rcc_ex.o
LOAD ./Drivers/STM32H7xx_HAL_Driver/Src/stm32h7xx_hal_tim.o
LOAD ./Drivers/STM32H7xx_HAL_Driver/Src/stm32h7xx_hal_tim_ex.o
LOAD ./Drivers/STM32H7xx_HAL_Driver/Src/stm32h7xx_hal_uart.o
LOAD ./Drivers/STM32H7xx_HAL_Driver/Src/stm32h7xx_hal_uart_ex.o
START GROUP
LOAD c:/st/stm32cubeide_1.9.0/stm32cubeide/plugins/com.st.stm32cube.ide.mcu.externaltools.gnu-tools-for-stm32.10.3-2021.10.win32_1.0.0.202111181127/tools/bin/../lib/gcc/arm-none-eabi/10.3.1/../../../../arm-none-eabi/lib/thumb/v7e-m+dp/hard\libc_nano.a
LOAD c:/st/stm32cubeide_1.9.0/stm32cubeide/plugins/com.st.stm32cube.ide.mcu.externaltools.gnu-tools-for-stm32.10.3-2021.10.win32_1.0.0.202111181127/tools/bin/../lib/gcc/arm-none-eabi/10.3.1/../../../../arm-none-eabi/lib/thumb/v7e-m+dp/hard\libm.a
END GROUP
START GROUP
LOAD c:/st/stm32cubeide_1.9.0/stm32cubeide/plugins/com.st.stm32cube.ide.mcu.externaltools.gnu-tools-for-stm32.10.3-2021.10.win32_1.0.0.202111181127/tools/bin/../lib/gcc/arm-none-eabi/10.3.1/thumb/v7e-m+dp/hard\libgcc.a
LOAD c:/st/stm32cubeide_1.9.0/stm32cubeide/plugins/com.st.stm32cube.ide.mcu.externaltools.gnu-tools-for-stm32.10.3-2021.10.win32_1.0.0.202111181127/tools/bin/../lib/gcc/arm-none-eabi/10.3.1/../../../../arm-none-eabi/lib/thumb/v7e-m+dp/hard\libc_nano.a
END GROUP
START GROUP
LOAD c:/st/stm32cubeide_1.9.0/stm32cubeide/plugins/com.st.stm32cube.ide.mcu.externaltools.gnu-tools-for-stm32.10.3-2021.10.win32_1.0.0.202111181127/tools/bin/../lib/gcc/arm-none-eabi/10.3.1/thumb/v7e-m+dp/hard\libgcc.a
LOAD c:/st/stm32cubeide_1.9.0/stm32cubeide/plugins/com.st.stm32cube.ide.mcu.externaltools.gnu-tools-for-stm32.10.3-2021.10.win32_1.0.0.202111181127/tools/bin/../lib/gcc/arm-none-eabi/10.3.1/../../../../arm-none-eabi/lib/thumb/v7e-m+dp/hard\libc_nano.a
LOAD c:/st/stm32cubeide_1.9.0/stm32cubeide/plugins/com.st.stm32cube.ide.mcu.externaltools.gnu-tools-for-stm32.10.3-2021.10.win32_1.0.0.202111181127/tools/bin/../lib/gcc/arm-none-eabi/10.3.1/../../../../arm-none-eabi/lib/thumb/v7e-m+dp/hard\libnosys.a
END GROUP
START GROUP
LOAD c:/st/stm32cubeide_1.9.0/stm32cubeide/plugins/com.st.stm32cube.ide.mcu.externaltools.gnu-tools-for-stm32.10.3-2021.10.win32_1.0.0.202111181127/tools/bin/../lib/gcc/arm-none-eabi/10.3.1/thumb/v7e-m+dp/hard\libgcc.a
LOAD c:/st/stm32cubeide_1.9.0/stm32cubeide/plugins/com.st.stm32cube.ide.mcu.externaltools.gnu-tools-for-stm32.10.3-2021.10.win32_1.0.0.202111181127/tools/bin/../lib/gcc/arm-none-eabi/10.3.1/../../../../arm-none-eabi/lib/thumb/v7e-m+dp/hard\libc_nano.a
LOAD c:/st/stm32cubeide_1.9.0/stm32cubeide/plugins/com.st.stm32cube.ide.mcu.externaltools.gnu-tools-for-stm32.10.3-2021.10.win32_1.0.0.202111181127/tools/bin/../lib/gcc/arm-none-eabi/10.3.1/../../../../arm-none-eabi/lib/thumb/v7e-m+dp/hard\libnosys.a
END GROUP
LOAD c:/st/stm32cubeide_1.9.0/stm32cubeide/plugins/com.st.stm32cube.ide.mcu.externaltools.gnu-tools-for-stm32.10.3-2021.10.win32_1.0.0.202111181127/tools/bin/../lib/gcc/arm-none-eabi/10.3.1/thumb/v7e-m+dp/hard/crtend.o
LOAD c:/st/stm32cubeide_1.9.0/stm32cubeide/plugins/com.st.stm32cube.ide.mcu.externaltools.gnu-tools-for-stm32.10.3-2021.10.win32_1.0.0.202111181127/tools/bin/../lib/gcc/arm-none-eabi/10.3.1/thumb/v7e-m+dp/hard/crtn.o
                0x0000000024080000                _estack = (ORIGIN (RAM_D1) + LENGTH (RAM_D1))
                0x0000000000000200                _Min_Heap_Size = 0x200
                0x0000000000000400                _Min_Stack_Size = 0x400

.isr_vector     0x0000000008000000      0x298
                0x0000000008000000                . = ALIGN (0x4)
 *(.isr_vector)
 .isr_vector    0x0000000008000000      0x298 ./Core/Startup/startup_stm32h753zitx.o
                0x0000000008000000                g_pfnVectors
                0x0000000008000298                . = ALIGN (0x4)

.text           0x0000000008000298     0x9568
                0x0000000008000298                . = ALIGN (0x4)
 *(.text)
 .text          0x0000000008000298       0x40 c:/st/stm32cubeide_1.9.0/stm32cubeide/plugins/com.st.stm32cube.ide.mcu.externaltools.gnu-tools-for-stm32.10.3-2021.10.win32_1.0.0.202111181127/tools/bin/../lib/gcc/arm-none-eabi/10.3.1/thumb/v7e-m+dp/hard/crtbegin.o
 .text          0x00000000080002d8       0x30 c:/st/stm32cubeide_1.9.0/stm32cubeide/plugins/com.st.stm32cube.ide.mcu.externaltools.gnu-tools-for-stm32.10.3-2021.10.win32_1.0.0.202111181127/tools/bin/../lib/gcc/arm-none-eabi/10.3.1/thumb/v7e-m+dp/hard\libgcc.a(_aeabi_uldivmod.o)
                0x00000000080002d8                __aeabi_uldivmod
 .text          0x0000000008000308      0x2d0 c:/st/stm32cubeide_1.9.0/stm32cubeide/plugins/com.st.stm32cube.ide.mcu.externaltools.gnu-tools-for-stm32.10.3-2021.10.win32_1.0.0.202111181127/tools/bin/../lib/gcc/arm-none-eabi/10.3.1/thumb/v7e-m+dp/hard\libgcc.a(_udivmoddi4.o)
                0x0000000008000308                __udivmoddi4
 .text          0x00000000080005d8        0x4 c:/st/stm32cubeide_1.9.0/stm32cubeide/plugins/com.st.stm32cube.ide.mcu.externaltools.gnu-tools-for-stm32.10.3-2021.10.win32_1.0.0.202111181127/tools/bin/../lib/gcc/arm-none-eabi/10.3.1/thumb/v7e-m+dp/hard\libgcc.a(_dvmd_tls.o)
                0x00000000080005d8                __aeabi_idiv0
                0x00000000080005d8                __aeabi_ldiv0
 *(.text*)
 .text.enqueue  0x00000000080005dc       0xe4 ./Core/Src/dict_and_queue.o
                0x00000000080005dc                enqueue
 .text.registerFunc
                0x00000000080006c0       0x28 ./Core/Src/dict_and_queue.o
                0x00000000080006c0                registerFunc
 .text.isNextReady
                0x00000000080006e8       0x20 ./Core/Src/dict_and_queue.o
                0x00000000080006e8                isNextReady
 .text.invokeNext
                0x0000000008000708       0x68 ./Core/Src/dict_and_queue.o
                0x0000000008000708                invokeNext
 .text.invokeNow
                0x0000000008000770       0x90 ./Core/Src/dict_and_queue.o
                0x0000000008000770                invokeNow
 .text.allocate
                0x0000000008000800       0x58 ./Core/Src/dynamic_memory.o
                0x0000000008000800                allocate
 .text.isEnoughSpaceLeft
                0x0000000008000858       0x2c ./Core/Src/dynamic_memory.o
                0x0000000008000858                isEnoughSpaceLeft
 .text.led_green_control
                0x0000000008000884       0x60 ./Core/Src/led_functions.o
                0x0000000008000884                led_green_control
 .text.led_red_control
                0x00000000080008e4       0x68 ./Core/Src/led_functions.o
                0x00000000080008e4                led_red_control
 .text.led_yellow_control
                0x000000000800094c       0x60 ./Core/Src/led_functions.o
                0x000000000800094c                led_yellow_control
 .text.blink    0x00000000080009ac       0x5e ./Core/Src/led_functions.o
                0x00000000080009ac                blink
 *fill*         0x0000000008000a0a        0x2 
 .text.main     0x0000000008000a0c      0x244 ./Core/Src/main.o
                0x0000000008000a0c                main
 .text.SystemClock_Config
                0x0000000008000c50       0xf8 ./Core/Src/main.o
                0x0000000008000c50                SystemClock_Config
 .text.MX_TIM6_Init
                0x0000000008000d48       0x70 ./Core/Src/main.o
 .text.MX_USART3_UART_Init
                0x0000000008000db8       0x98 ./Core/Src/main.o
 .text.MX_DMA_Init
                0x0000000008000e50       0x40 ./Core/Src/main.o
 .text.MX_GPIO_Init
                0x0000000008000e90       0xd4 ./Core/Src/main.o
 .text.registerFunctions
                0x0000000008000f64       0x38 ./Core/Src/main.o
                0x0000000008000f64                registerFunctions
 .text.wait     0x0000000008000f9c       0x1a ./Core/Src/main.o
                0x0000000008000f9c                wait
 *fill*         0x0000000008000fb6        0x2 
 .text.HAL_UARTEx_RxEventCallback
                0x0000000008000fb8      0x180 ./Core/Src/main.o
                0x0000000008000fb8                HAL_UARTEx_RxEventCallback
 .text.HAL_TIM_PeriodElapsedCallback
                0x0000000008001138       0x16 ./Core/Src/main.o
                0x0000000008001138                HAL_TIM_PeriodElapsedCallback
 *fill*         0x000000000800114e        0x2 
 .text.MPU_Config
                0x0000000008001150       0x5c ./Core/Src/main.o
 .text.Error_Handler
                0x00000000080011ac        0xa ./Core/Src/main.o
                0x00000000080011ac                Error_Handler
 *fill*         0x00000000080011b6        0x2 
 .text.HAL_MspInit
                0x00000000080011b8       0x34 ./Core/Src/stm32h7xx_hal_msp.o
                0x00000000080011b8                HAL_MspInit
 .text.HAL_TIM_Base_MspInit
                0x00000000080011ec       0x50 ./Core/Src/stm32h7xx_hal_msp.o
                0x00000000080011ec                HAL_TIM_Base_MspInit
 .text.HAL_UART_MspInit
                0x000000000800123c      0x140 ./Core/Src/stm32h7xx_hal_msp.o
                0x000000000800123c                HAL_UART_MspInit
 .text.NMI_Handler
                0x000000000800137c        0x6 ./Core/Src/stm32h7xx_it.o
                0x000000000800137c                NMI_Handler
 *fill*         0x0000000008001382        0x2 
 .text.HardFault_Handler
                0x0000000008001384       0x30 ./Core/Src/stm32h7xx_it.o
                0x0000000008001384                HardFault_Handler
 .text.MemManage_Handler
                0x00000000080013b4        0x6 ./Core/Src/stm32h7xx_it.o
                0x00000000080013b4                MemManage_Handler
 .text.BusFault_Handler
                0x00000000080013ba        0x6 ./Core/Src/stm32h7xx_it.o
                0x00000000080013ba                BusFault_Handler
 .text.UsageFault_Handler
                0x00000000080013c0        0x6 ./Core/Src/stm32h7xx_it.o
                0x00000000080013c0                UsageFault_Handler
 .text.SVC_Handler
                0x00000000080013c6        0xe ./Core/Src/stm32h7xx_it.o
                0x00000000080013c6                SVC_Handler
 .text.DebugMon_Handler
                0x00000000080013d4        0xe ./Core/Src/stm32h7xx_it.o
                0x00000000080013d4                DebugMon_Handler
 .text.PendSV_Handler
                0x00000000080013e2        0xe ./Core/Src/stm32h7xx_it.o
                0x00000000080013e2                PendSV_Handler
 .text.SysTick_Handler
                0x00000000080013f0        0xc ./Core/Src/stm32h7xx_it.o
                0x00000000080013f0                SysTick_Handler
 .text.DMA1_Stream0_IRQHandler
                0x00000000080013fc       0x14 ./Core/Src/stm32h7xx_it.o
                0x00000000080013fc                DMA1_Stream0_IRQHandler
 .text.USART3_IRQHandler
                0x0000000008001410       0x14 ./Core/Src/stm32h7xx_it.o
                0x0000000008001410                USART3_IRQHandler
 .text.TIM6_DAC_IRQHandler
                0x0000000008001424       0x14 ./Core/Src/stm32h7xx_it.o
                0x0000000008001424                TIM6_DAC_IRQHandler
 .text.SystemInit
                0x0000000008001438      0x110 ./Core/Src/system_stm32h7xx.o
                0x0000000008001438                SystemInit
 .text.invokeTimerFunctions
                0x0000000008001548       0x50 ./Core/Src/timers.o
                0x0000000008001548                invokeTimerFunctions
 .text.timersInterruptHandler
                0x0000000008001598       0x60 ./Core/Src/timers.o
                0x0000000008001598                timersInterruptHandler
 .text.Reset_Handler
                0x00000000080015f8       0x50 ./Core/Startup/startup_stm32h753zitx.o
                0x00000000080015f8                Reset_Handler
 .text.Default_Handler
                0x0000000008001648        0x2 ./Core/Startup/startup_stm32h753zitx.o
                0x0000000008001648                RTC_Alarm_IRQHandler
                0x0000000008001648                HASH_RNG_IRQHandler
                0x0000000008001648                EXTI2_IRQHandler
                0x0000000008001648                TIM8_CC_IRQHandler
                0x0000000008001648                HRTIM1_Master_IRQHandler
                0x0000000008001648                UART8_IRQHandler
                0x0000000008001648                SPI4_IRQHandler
                0x0000000008001648                TIM1_CC_IRQHandler
                0x0000000008001648                BDMA_Channel6_IRQHandler
                0x0000000008001648                DMA2_Stream5_IRQHandler
                0x0000000008001648                HRTIM1_FLT_IRQHandler
                0x0000000008001648                JPEG_IRQHandler
                0x0000000008001648                DMA1_Stream5_IRQHandler
                0x0000000008001648                BDMA_Channel1_IRQHandler
                0x0000000008001648                HRTIM1_TIMD_IRQHandler
                0x0000000008001648                TAMP_STAMP_IRQHandler
                0x0000000008001648                EXTI3_IRQHandler
                0x0000000008001648                LPTIM4_IRQHandler
                0x0000000008001648                TIM8_TRG_COM_TIM14_IRQHandler
                0x0000000008001648                LPTIM2_IRQHandler
                0x0000000008001648                DFSDM1_FLT1_IRQHandler
                0x0000000008001648                DMAMUX2_OVR_IRQHandler
                0x0000000008001648                TIM8_UP_TIM13_IRQHandler
                0x0000000008001648                I2C3_ER_IRQHandler
                0x0000000008001648                DFSDM1_FLT2_IRQHandler
                0x0000000008001648                MDMA_IRQHandler
                0x0000000008001648                LPTIM3_IRQHandler
                0x0000000008001648                HSEM1_IRQHandler
                0x0000000008001648                EXTI0_IRQHandler
                0x0000000008001648                I2C2_EV_IRQHandler
                0x0000000008001648                DMA1_Stream2_IRQHandler
                0x0000000008001648                FPU_IRQHandler
                0x0000000008001648                OTG_HS_WKUP_IRQHandler
                0x0000000008001648                FDCAN1_IT1_IRQHandler
                0x0000000008001648                LTDC_ER_IRQHandler
                0x0000000008001648                DMA2_Stream2_IRQHandler
                0x0000000008001648                HRTIM1_TIME_IRQHandler
                0x0000000008001648                SPI1_IRQHandler
                0x0000000008001648                DCMI_IRQHandler
                0x0000000008001648                HRTIM1_TIMC_IRQHandler
                0x0000000008001648                DMA2_Stream3_IRQHandler
                0x0000000008001648                SAI2_IRQHandler
                0x0000000008001648                DFSDM1_FLT3_IRQHandler
                0x0000000008001648                USART6_IRQHandler
                0x0000000008001648                TIM17_IRQHandler
                0x0000000008001648                BDMA_Channel7_IRQHandler
                0x0000000008001648                CRYP_IRQHandler
                0x0000000008001648                LPTIM5_IRQHandler
                0x0000000008001648                UART5_IRQHandler
                0x0000000008001648                ADC3_IRQHandler
                0x0000000008001648                DMA2_Stream0_IRQHandler
                0x0000000008001648                TIM4_IRQHandler
                0x0000000008001648                BDMA_Channel2_IRQHandler
                0x0000000008001648                QUADSPI_IRQHandler
                0x0000000008001648                I2C1_EV_IRQHandler
                0x0000000008001648                DMA1_Stream6_IRQHandler
                0x0000000008001648                DMAMUX1_OVR_IRQHandler
                0x0000000008001648                DMA1_Stream1_IRQHandler
                0x0000000008001648                TIM16_IRQHandler
                0x0000000008001648                UART4_IRQHandler
                0x0000000008001648                BDMA_Channel5_IRQHandler
                0x0000000008001648                TIM3_IRQHandler
                0x0000000008001648                RCC_IRQHandler
                0x0000000008001648                TIM8_BRK_TIM12_IRQHandler
                0x0000000008001648                TIM1_TRG_COM_IRQHandler
                0x0000000008001648                Default_Handler
                0x0000000008001648                ECC_IRQHandler
                0x0000000008001648                CEC_IRQHandler
                0x0000000008001648                EXTI15_10_IRQHandler
                0x0000000008001648                BDMA_Channel0_IRQHandler
                0x0000000008001648                ADC_IRQHandler
                0x0000000008001648                DMA1_Stream7_IRQHandler
                0x0000000008001648                HRTIM1_TIMA_IRQHandler
                0x0000000008001648                SPI5_IRQHandler
                0x0000000008001648                TIM7_IRQHandler
                0x0000000008001648                SDMMC1_IRQHandler
                0x0000000008001648                TIM5_IRQHandler
                0x0000000008001648                DMA2_Stream7_IRQHandler
                0x0000000008001648                TIM15_IRQHandler
                0x0000000008001648                PVD_AVD_IRQHandler
                0x0000000008001648                I2C3_EV_IRQHandler
                0x0000000008001648                EXTI9_5_IRQHandler
                0x0000000008001648                RTC_WKUP_IRQHandler
                0x0000000008001648                LTDC_IRQHandler
                0x0000000008001648                SAI3_IRQHandler
                0x0000000008001648                ETH_WKUP_IRQHandler
                0x0000000008001648                SPDIF_RX_IRQHandler
                0x0000000008001648                SPI2_IRQHandler
                0x0000000008001648                OTG_HS_EP1_IN_IRQHandler
                0x0000000008001648                CRS_IRQHandler
                0x0000000008001648                EXTI4_IRQHandler
                0x0000000008001648                HRTIM1_TIMB_IRQHandler
                0x0000000008001648                FDCAN2_IT1_IRQHandler
                0x0000000008001648                ETH_IRQHandler
                0x0000000008001648                TIM1_UP_IRQHandler
                0x0000000008001648                BDMA_Channel4_IRQHandler
                0x0000000008001648                OTG_HS_EP1_OUT_IRQHandler
                0x0000000008001648                WWDG_IRQHandler
                0x0000000008001648                SPI6_IRQHandler
                0x0000000008001648                MDIOS_IRQHandler
                0x0000000008001648                I2C4_EV_IRQHandler
                0x0000000008001648                FDCAN2_IT0_IRQHandler
                0x0000000008001648                LPUART1_IRQHandler
                0x0000000008001648                FDCAN1_IT0_IRQHandler
                0x0000000008001648                TIM2_IRQHandler
                0x0000000008001648                OTG_FS_WKUP_IRQHandler
                0x0000000008001648                OTG_HS_IRQHandler
                0x0000000008001648                DMA2D_IRQHandler
                0x0000000008001648                TIM1_BRK_IRQHandler
                0x0000000008001648                EXTI1_IRQHandler
                0x0000000008001648                SDMMC2_IRQHandler
                0x0000000008001648                OTG_FS_EP1_OUT_IRQHandler
                0x0000000008001648                BDMA_Channel3_IRQHandler
                0x0000000008001648                UART7_IRQHandler
                0x0000000008001648                MDIOS_WKUP_IRQHandler
                0x0000000008001648                USART2_IRQHandler
                0x0000000008001648                DFSDM1_FLT0_IRQHandler
                0x0000000008001648                SAI4_IRQHandler
                0x0000000008001648                I2C2_ER_IRQHandler
                0x0000000008001648                DMA2_Stream1_IRQHandler
                0x0000000008001648                FLASH_IRQHandler
                0x0000000008001648                DMA2_Stream4_IRQHandler
                0x0000000008001648                USART1_IRQHandler
                0x0000000008001648                OTG_FS_IRQHandler
                0x0000000008001648                SPI3_IRQHandler
                0x0000000008001648                WAKEUP_PIN_IRQHandler
                0x0000000008001648                DMA1_Stream4_IRQHandler
                0x0000000008001648                OTG_FS_EP1_IN_IRQHandler
                0x0000000008001648                I2C1_ER_IRQHandler
                0x0000000008001648                FMC_IRQHandler
                0x0000000008001648                FDCAN_CAL_IRQHandler
                0x0000000008001648                SWPMI1_IRQHandler
                0x0000000008001648                COMP1_IRQHandler
                0x0000000008001648                LPTIM1_IRQHandler
                0x0000000008001648                I2C4_ER_IRQHandler
                0x0000000008001648                DMA2_Stream6_IRQHandler
                0x0000000008001648                SAI1_IRQHandler
                0x0000000008001648                DMA1_Stream3_IRQHandler
 *fill*         0x000000000800164a        0x2 
 .text.HAL_Init
                0x000000000800164c       0x78 ./Drivers/STM32H7xx_HAL_Driver/Src/stm32h7xx_hal.o
                0x000000000800164c                HAL_Init
 .text.HAL_InitTick
                0x00000000080016c4       0x6c ./Drivers/STM32H7xx_HAL_Driver/Src/stm32h7xx_hal.o
                0x00000000080016c4                HAL_InitTick
 .text.HAL_IncTick
                0x0000000008001730       0x28 ./Drivers/STM32H7xx_HAL_Driver/Src/stm32h7xx_hal.o
                0x0000000008001730                HAL_IncTick
 .text.HAL_GetTick
                0x0000000008001758       0x18 ./Drivers/STM32H7xx_HAL_Driver/Src/stm32h7xx_hal.o
                0x0000000008001758                HAL_GetTick
 .text.HAL_Delay
                0x0000000008001770       0x48 ./Drivers/STM32H7xx_HAL_Driver/Src/stm32h7xx_hal.o
                0x0000000008001770                HAL_Delay
 .text.HAL_SuspendTick
                0x00000000080017b8       0x20 ./Drivers/STM32H7xx_HAL_Driver/Src/stm32h7xx_hal.o
                0x00000000080017b8                HAL_SuspendTick
 .text.HAL_ResumeTick
                0x00000000080017d8       0x20 ./Drivers/STM32H7xx_HAL_Driver/Src/stm32h7xx_hal.o
                0x00000000080017d8                HAL_ResumeTick
 .text.HAL_GetREVID
                0x00000000080017f8       0x18 ./Drivers/STM32H7xx_HAL_Driver/Src/stm32h7xx_hal.o
                0x00000000080017f8                HAL_GetREVID
 .text.__NVIC_SetPriorityGrouping
                0x0000000008001810       0x48 ./Drivers/STM32H7xx_HAL_Driver/Src/stm32h7xx_hal_cortex.o
 .text.__NVIC_GetPriorityGrouping
                0x0000000008001858       0x1c ./Drivers/STM32H7xx_HAL_Driver/Src/stm32h7xx_hal_cortex.o
 .text.__NVIC_EnableIRQ
                0x0000000008001874       0x3c ./Drivers/STM32H7xx_HAL_Driver/Src/stm32h7xx_hal_cortex.o
 .text.__NVIC_SetPriority
                0x00000000080018b0       0x54 ./Drivers/STM32H7xx_HAL_Driver/Src/stm32h7xx_hal_cortex.o
 .text.NVIC_EncodePriority
                0x0000000008001904       0x66 ./Drivers/STM32H7xx_HAL_Driver/Src/stm32h7xx_hal_cortex.o
 *fill*         0x000000000800196a        0x2 
 .text.SysTick_Config
                0x000000000800196c       0x44 ./Drivers/STM32H7xx_HAL_Driver/Src/stm32h7xx_hal_cortex.o
 .text.HAL_NVIC_SetPriorityGrouping
                0x00000000080019b0       0x16 ./Drivers/STM32H7xx_HAL_Driver/Src/stm32h7xx_hal_cortex.o
                0x00000000080019b0                HAL_NVIC_SetPriorityGrouping
 .text.HAL_NVIC_SetPriority
                0x00000000080019c6       0x34 ./Drivers/STM32H7xx_HAL_Driver/Src/stm32h7xx_hal_cortex.o
                0x00000000080019c6                HAL_NVIC_SetPriority
 .text.HAL_NVIC_EnableIRQ
                0x00000000080019fa       0x1c ./Drivers/STM32H7xx_HAL_Driver/Src/stm32h7xx_hal_cortex.o
                0x00000000080019fa                HAL_NVIC_EnableIRQ
 .text.HAL_SYSTICK_Config
                0x0000000008001a16       0x18 ./Drivers/STM32H7xx_HAL_Driver/Src/stm32h7xx_hal_cortex.o
                0x0000000008001a16                HAL_SYSTICK_Config
 *fill*         0x0000000008001a2e        0x2 
 .text.HAL_MPU_Disable
                0x0000000008001a30       0x30 ./Drivers/STM32H7xx_HAL_Driver/Src/stm32h7xx_hal_cortex.o
                0x0000000008001a30                HAL_MPU_Disable
 .text.HAL_MPU_Enable
                0x0000000008001a60       0x40 ./Drivers/STM32H7xx_HAL_Driver/Src/stm32h7xx_hal_cortex.o
                0x0000000008001a60                HAL_MPU_Enable
 .text.HAL_MPU_ConfigRegion
                0x0000000008001aa0       0x88 ./Drivers/STM32H7xx_HAL_Driver/Src/stm32h7xx_hal_cortex.o
                0x0000000008001aa0                HAL_MPU_ConfigRegion
 .text.HAL_DMA_Init
                0x0000000008001b28      0x6b8 ./Drivers/STM32H7xx_HAL_Driver/Src/stm32h7xx_hal_dma.o
                0x0000000008001b28                HAL_DMA_Init
 .text.HAL_DMA_Start_IT
                0x00000000080021e0      0x4d4 ./Drivers/STM32H7xx_HAL_Driver/Src/stm32h7xx_hal_dma.o
                0x00000000080021e0                HAL_DMA_Start_IT
 .text.HAL_DMA_Abort
                0x00000000080026b4      0x63c ./Drivers/STM32H7xx_HAL_Driver/Src/stm32h7xx_hal_dma.o
                0x00000000080026b4                HAL_DMA_Abort
 .text.HAL_DMA_Abort_IT
                0x0000000008002cf0      0x48c ./Drivers/STM32H7xx_HAL_Driver/Src/stm32h7xx_hal_dma.o
                0x0000000008002cf0                HAL_DMA_Abort_IT
 .text.HAL_DMA_IRQHandler
                0x000000000800317c      0xe54 ./Drivers/STM32H7xx_HAL_Driver/Src/stm32h7xx_hal_dma.o
                0x000000000800317c                HAL_DMA_IRQHandler
 .text.DMA_SetConfig
                0x0000000008003fd0      0x358 ./Drivers/STM32H7xx_HAL_Driver/Src/stm32h7xx_hal_dma.o
 .text.DMA_CalcBaseAndBitshift
                0x0000000008004328      0x164 ./Drivers/STM32H7xx_HAL_Driver/Src/stm32h7xx_hal_dma.o
 .text.DMA_CheckFifoParam
                0x000000000800448c       0xf8 ./Drivers/STM32H7xx_HAL_Driver/Src/stm32h7xx_hal_dma.o
 .text.DMA_CalcDMAMUXChannelBaseAndMask
                0x0000000008004584      0x134 ./Drivers/STM32H7xx_HAL_Driver/Src/stm32h7xx_hal_dma.o
 .text.DMA_CalcDMAMUXRequestGenBaseAndMask
                0x00000000080046b8       0xe8 ./Drivers/STM32H7xx_HAL_Driver/Src/stm32h7xx_hal_dma.o
 .text.HAL_GPIO_Init
                0x00000000080047a0      0x360 ./Drivers/STM32H7xx_HAL_Driver/Src/stm32h7xx_hal_gpio.o
                0x00000000080047a0                HAL_GPIO_Init
 .text.HAL_GPIO_WritePin
                0x0000000008004b00       0x32 ./Drivers/STM32H7xx_HAL_Driver/Src/stm32h7xx_hal_gpio.o
                0x0000000008004b00                HAL_GPIO_WritePin
 .text.HAL_GPIO_TogglePin
                0x0000000008004b32       0x34 ./Drivers/STM32H7xx_HAL_Driver/Src/stm32h7xx_hal_gpio.o
                0x0000000008004b32                HAL_GPIO_TogglePin
 *fill*         0x0000000008004b66        0x2 
 .text.HAL_PWREx_ConfigSupply
                0x0000000008004b68       0x74 ./Drivers/STM32H7xx_HAL_Driver/Src/stm32h7xx_hal_pwr_ex.o
                0x0000000008004b68                HAL_PWREx_ConfigSupply
 .text.HAL_RCC_OscConfig
                0x0000000008004bdc      0x85c ./Drivers/STM32H7xx_HAL_Driver/Src/stm32h7xx_hal_rcc.o
                0x0000000008004bdc                HAL_RCC_OscConfig
 .text.HAL_RCC_ClockConfig
                0x0000000008005438      0x36c ./Drivers/STM32H7xx_HAL_Driver/Src/stm32h7xx_hal_rcc.o
                0x0000000008005438                HAL_RCC_ClockConfig
 .text.HAL_RCC_GetSysClockFreq
                0x00000000080057a4      0x2f4 ./Drivers/STM32H7xx_HAL_Driver/Src/stm32h7xx_hal_rcc.o
                0x00000000080057a4                HAL_RCC_GetSysClockFreq
 .text.HAL_RCC_GetHCLKFreq
                0x0000000008005a98       0x60 ./Drivers/STM32H7xx_HAL_Driver/Src/stm32h7xx_hal_rcc.o
                0x0000000008005a98                HAL_RCC_GetHCLKFreq
 .text.HAL_RCC_GetPCLK1Freq
                0x0000000008005af8       0x2c ./Drivers/STM32H7xx_HAL_Driver/Src/stm32h7xx_hal_rcc.o
                0x0000000008005af8                HAL_RCC_GetPCLK1Freq
 .text.HAL_RCC_GetPCLK2Freq
                0x0000000008005b24       0x2c ./Drivers/STM32H7xx_HAL_Driver/Src/stm32h7xx_hal_rcc.o
                0x0000000008005b24                HAL_RCC_GetPCLK2Freq
 .text.HAL_RCCEx_PeriphCLKConfig
                0x0000000008005b50      0xe8c ./Drivers/STM32H7xx_HAL_Driver/Src/stm32h7xx_hal_rcc_ex.o
                0x0000000008005b50                HAL_RCCEx_PeriphCLKConfig
 .text.HAL_RCCEx_GetD3PCLK1Freq
                0x00000000080069dc       0x2c ./Drivers/STM32H7xx_HAL_Driver/Src/stm32h7xx_hal_rcc_ex.o
                0x00000000080069dc                HAL_RCCEx_GetD3PCLK1Freq
 .text.HAL_RCCEx_GetPLL2ClockFreq
                0x0000000008006a08      0x2a8 ./Drivers/STM32H7xx_HAL_Driver/Src/stm32h7xx_hal_rcc_ex.o
                0x0000000008006a08                HAL_RCCEx_GetPLL2ClockFreq
 .text.HAL_RCCEx_GetPLL3ClockFreq
                0x0000000008006cb0      0x2a8 ./Drivers/STM32H7xx_HAL_Driver/Src/stm32h7xx_hal_rcc_ex.o
                0x0000000008006cb0                HAL_RCCEx_GetPLL3ClockFreq
 .text.RCCEx_PLL2_Config
                0x0000000008006f58      0x164 ./Drivers/STM32H7xx_HAL_Driver/Src/stm32h7xx_hal_rcc_ex.o
 .text.RCCEx_PLL3_Config
                0x00000000080070bc      0x164 ./Drivers/STM32H7xx_HAL_Driver/Src/stm32h7xx_hal_rcc_ex.o
 .text.HAL_TIM_Base_Init
                0x0000000008007220       0xae ./Drivers/STM32H7xx_HAL_Driver/Src/stm32h7xx_hal_tim.o
                0x0000000008007220                HAL_TIM_Base_Init
 .text.HAL_TIM_IRQHandler
                0x00000000080072ce      0x23e ./Drivers/STM32H7xx_HAL_Driver/Src/stm32h7xx_hal_tim.o
                0x00000000080072ce                HAL_TIM_IRQHandler
 .text.HAL_TIM_OC_DelayElapsedCallback
                0x000000000800750c       0x14 ./Drivers/STM32H7xx_HAL_Driver/Src/stm32h7xx_hal_tim.o
                0x000000000800750c                HAL_TIM_OC_DelayElapsedCallback
 .text.HAL_TIM_IC_CaptureCallback
                0x0000000008007520       0x14 ./Drivers/STM32H7xx_HAL_Driver/Src/stm32h7xx_hal_tim.o
                0x0000000008007520                HAL_TIM_IC_CaptureCallback
 .text.HAL_TIM_PWM_PulseFinishedCallback
                0x0000000008007534       0x14 ./Drivers/STM32H7xx_HAL_Driver/Src/stm32h7xx_hal_tim.o
                0x0000000008007534                HAL_TIM_PWM_PulseFinishedCallback
 .text.HAL_TIM_TriggerCallback
                0x0000000008007548       0x14 ./Drivers/STM32H7xx_HAL_Driver/Src/stm32h7xx_hal_tim.o
                0x0000000008007548                HAL_TIM_TriggerCallback
 .text.TIM_Base_SetConfig
                0x000000000800755c      0x134 ./Drivers/STM32H7xx_HAL_Driver/Src/stm32h7xx_hal_tim.o
                0x000000000800755c                TIM_Base_SetConfig
 .text.HAL_TIMEx_MasterConfigSynchronization
                0x0000000008007690      0x11c ./Drivers/STM32H7xx_HAL_Driver/Src/stm32h7xx_hal_tim_ex.o
                0x0000000008007690                HAL_TIMEx_MasterConfigSynchronization
 .text.HAL_TIMEx_CommutCallback
                0x00000000080077ac       0x14 ./Drivers/STM32H7xx_HAL_Driver/Src/stm32h7xx_hal_tim_ex.o
                0x00000000080077ac                HAL_TIMEx_CommutCallback
 .text.HAL_TIMEx_BreakCallback
                0x00000000080077c0       0x14 ./Drivers/STM32H7xx_HAL_Driver/Src/stm32h7xx_hal_tim_ex.o
                0x00000000080077c0                HAL_TIMEx_BreakCallback
 .text.HAL_TIMEx_Break2Callback
                0x00000000080077d4       0x14 ./Drivers/STM32H7xx_HAL_Driver/Src/stm32h7xx_hal_tim_ex.o
                0x00000000080077d4                HAL_TIMEx_Break2Callback
 .text.HAL_UART_Init
                0x00000000080077e8       0xa0 ./Drivers/STM32H7xx_HAL_Driver/Src/stm32h7xx_hal_uart.o
                0x00000000080077e8                HAL_UART_Init
 .text.HAL_UART_Transmit
                0x0000000008007888      0x12c ./Drivers/STM32H7xx_HAL_Driver/Src/stm32h7xx_hal_uart.o
                0x0000000008007888                HAL_UART_Transmit
 .text.HAL_UART_IRQHandler
                0x00000000080079b4      0x73c ./Drivers/STM32H7xx_HAL_Driver/Src/stm32h7xx_hal_uart.o
                0x00000000080079b4                HAL_UART_IRQHandler
 .text.HAL_UART_TxCpltCallback
                0x00000000080080f0       0x14 ./Drivers/STM32H7xx_HAL_Driver/Src/stm32h7xx_hal_uart.o
                0x00000000080080f0                HAL_UART_TxCpltCallback
 .text.HAL_UART_RxCpltCallback
                0x0000000008008104       0x14 ./Drivers/STM32H7xx_HAL_Driver/Src/stm32h7xx_hal_uart.o
                0x0000000008008104                HAL_UART_RxCpltCallback
 .text.HAL_UART_RxHalfCpltCallback
                0x0000000008008118       0x14 ./Drivers/STM32H7xx_HAL_Driver/Src/stm32h7xx_hal_uart.o
                0x0000000008008118                HAL_UART_RxHalfCpltCallback
 .text.HAL_UART_ErrorCallback
                0x000000000800812c       0x14 ./Drivers/STM32H7xx_HAL_Driver/Src/stm32h7xx_hal_uart.o
                0x000000000800812c                HAL_UART_ErrorCallback
 .text.UART_SetConfig
                0x0000000008008140      0xad0 ./Drivers/STM32H7xx_HAL_Driver/Src/stm32h7xx_hal_uart.o
                0x0000000008008140                UART_SetConfig
 .text.UART_AdvFeatureConfig
                0x0000000008008c10      0x144 ./Drivers/STM32H7xx_HAL_Driver/Src/stm32h7xx_hal_uart.o
                0x0000000008008c10                UART_AdvFeatureConfig
 .text.UART_CheckIdleState
                0x0000000008008d54       0x96 ./Drivers/STM32H7xx_HAL_Driver/Src/stm32h7xx_hal_uart.o
                0x0000000008008d54                UART_CheckIdleState
 .text.UART_WaitOnFlagUntilTimeout
                0x0000000008008dea      0x190 ./Drivers/STM32H7xx_HAL_Driver/Src/stm32h7xx_hal_uart.o
                0x0000000008008dea                UART_WaitOnFlagUntilTimeout
 *fill*         0x0000000008008f7a        0x2 
 .text.UART_Start_Receive_DMA
                0x0000000008008f7c      0x150 ./Drivers/STM32H7xx_HAL_Driver/Src/stm32h7xx_hal_uart.o
                0x0000000008008f7c                UART_Start_Receive_DMA
 .text.UART_EndTxTransfer
                0x00000000080090cc       0x82 ./Drivers/STM32H7xx_HAL_Driver/Src/stm32h7xx_hal_uart.o
 *fill*         0x000000000800914e        0x2 
 .text.UART_EndRxTransfer
                0x0000000008009150       0xcc ./Drivers/STM32H7xx_HAL_Driver/Src/stm32h7xx_hal_uart.o
 .text.UART_DMAReceiveCplt
                0x000000000800921c      0x122 ./Drivers/STM32H7xx_HAL_Driver/Src/stm32h7xx_hal_uart.o
 .text.UART_DMARxHalfCplt
                0x000000000800933e       0x38 ./Drivers/STM32H7xx_HAL_Driver/Src/stm32h7xx_hal_uart.o
 .text.UART_DMAError
                0x0000000008009376       0x80 ./Drivers/STM32H7xx_HAL_Driver/Src/stm32h7xx_hal_uart.o
 .text.UART_DMAAbortOnError
                0x00000000080093f6       0x2c ./Drivers/STM32H7xx_HAL_Driver/Src/stm32h7xx_hal_uart.o
 .text.UART_EndTransmit_IT
                0x0000000008009422       0x56 ./Drivers/STM32H7xx_HAL_Driver/Src/stm32h7xx_hal_uart.o
 .text.HAL_UARTEx_WakeupCallback
                0x0000000008009478       0x14 ./Drivers/STM32H7xx_HAL_Driver/Src/stm32h7xx_hal_uart_ex.o
                0x0000000008009478                HAL_UARTEx_WakeupCallback
 .text.HAL_UARTEx_RxFifoFullCallback
                0x000000000800948c       0x14 ./Drivers/STM32H7xx_HAL_Driver/Src/stm32h7xx_hal_uart_ex.o
                0x000000000800948c                HAL_UARTEx_RxFifoFullCallback
 .text.HAL_UARTEx_TxFifoEmptyCallback
                0x00000000080094a0       0x14 ./Drivers/STM32H7xx_HAL_Driver/Src/stm32h7xx_hal_uart_ex.o
                0x00000000080094a0                HAL_UARTEx_TxFifoEmptyCallback
 .text.HAL_UARTEx_DisableFifoMode
                0x00000000080094b4       0x72 ./Drivers/STM32H7xx_HAL_Driver/Src/stm32h7xx_hal_uart_ex.o
                0x00000000080094b4                HAL_UARTEx_DisableFifoMode
 .text.HAL_UARTEx_SetTxFifoThreshold
                0x0000000008009526       0x7c ./Drivers/STM32H7xx_HAL_Driver/Src/stm32h7xx_hal_uart_ex.o
                0x0000000008009526                HAL_UARTEx_SetTxFifoThreshold
 .text.HAL_UARTEx_SetRxFifoThreshold
                0x00000000080095a2       0x7c ./Drivers/STM32H7xx_HAL_Driver/Src/stm32h7xx_hal_uart_ex.o
                0x00000000080095a2                HAL_UARTEx_SetRxFifoThreshold
 .text.HAL_UARTEx_ReceiveToIdle_DMA
                0x000000000800961e       0xb8 ./Drivers/STM32H7xx_HAL_Driver/Src/stm32h7xx_hal_uart_ex.o
                0x000000000800961e                HAL_UARTEx_ReceiveToIdle_DMA
 *fill*         0x00000000080096d6        0x2 
 .text.UARTEx_SetNbDataToProcess
                0x00000000080096d8       0x9c ./Drivers/STM32H7xx_HAL_Driver/Src/stm32h7xx_hal_uart_ex.o
 .text.__libc_init_array
                0x0000000008009774       0x48 c:/st/stm32cubeide_1.9.0/stm32cubeide/plugins/com.st.stm32cube.ide.mcu.externaltools.gnu-tools-for-stm32.10.3-2021.10.win32_1.0.0.202111181127/tools/bin/../lib/gcc/arm-none-eabi/10.3.1/../../../../arm-none-eabi/lib/thumb/v7e-m+dp/hard\libc_nano.a(lib_a-init.o)
                0x0000000008009774                __libc_init_array
 .text.memcpy   0x00000000080097bc       0x1c c:/st/stm32cubeide_1.9.0/stm32cubeide/plugins/com.st.stm32cube.ide.mcu.externaltools.gnu-tools-for-stm32.10.3-2021.10.win32_1.0.0.202111181127/tools/bin/../lib/gcc/arm-none-eabi/10.3.1/../../../../arm-none-eabi/lib/thumb/v7e-m+dp/hard\libc_nano.a(lib_a-memcpy-stub.o)
                0x00000000080097bc                memcpy
 .text.memset   0x00000000080097d8       0x10 c:/st/stm32cubeide_1.9.0/stm32cubeide/plugins/com.st.stm32cube.ide.mcu.externaltools.gnu-tools-for-stm32.10.3-2021.10.win32_1.0.0.202111181127/tools/bin/../lib/gcc/arm-none-eabi/10.3.1/../../../../arm-none-eabi/lib/thumb/v7e-m+dp/hard\libc_nano.a(lib_a-memset.o)
                0x00000000080097d8                memset
 *(.glue_7)
 .glue_7        0x00000000080097e8        0x0 linker stubs
 *(.glue_7t)
 .glue_7t       0x00000000080097e8        0x0 linker stubs
 *(.eh_frame)
 .eh_frame      0x00000000080097e8        0x0 c:/st/stm32cubeide_1.9.0/stm32cubeide/plugins/com.st.stm32cube.ide.mcu.externaltools.gnu-tools-for-stm32.10.3-2021.10.win32_1.0.0.202111181127/tools/bin/../lib/gcc/arm-none-eabi/10.3.1/thumb/v7e-m+dp/hard/crtbegin.o
 *(.init)
 .init          0x00000000080097e8        0x4 c:/st/stm32cubeide_1.9.0/stm32cubeide/plugins/com.st.stm32cube.ide.mcu.externaltools.gnu-tools-for-stm32.10.3-2021.10.win32_1.0.0.202111181127/tools/bin/../lib/gcc/arm-none-eabi/10.3.1/thumb/v7e-m+dp/hard/crti.o
                0x00000000080097e8                _init
 .init          0x00000000080097ec        0x8 c:/st/stm32cubeide_1.9.0/stm32cubeide/plugins/com.st.stm32cube.ide.mcu.externaltools.gnu-tools-for-stm32.10.3-2021.10.win32_1.0.0.202111181127/tools/bin/../lib/gcc/arm-none-eabi/10.3.1/thumb/v7e-m+dp/hard/crtn.o
 *(.fini)
 .fini          0x00000000080097f4        0x4 c:/st/stm32cubeide_1.9.0/stm32cubeide/plugins/com.st.stm32cube.ide.mcu.externaltools.gnu-tools-for-stm32.10.3-2021.10.win32_1.0.0.202111181127/tools/bin/../lib/gcc/arm-none-eabi/10.3.1/thumb/v7e-m+dp/hard/crti.o
                0x00000000080097f4                _fini
 .fini          0x00000000080097f8        0x8 c:/st/stm32cubeide_1.9.0/stm32cubeide/plugins/com.st.stm32cube.ide.mcu.externaltools.gnu-tools-for-stm32.10.3-2021.10.win32_1.0.0.202111181127/tools/bin/../lib/gcc/arm-none-eabi/10.3.1/thumb/v7e-m+dp/hard/crtn.o
                0x0000000008009800                . = ALIGN (0x4)
                0x0000000008009800                _etext = .

.vfp11_veneer   0x0000000008009800        0x0
 .vfp11_veneer  0x0000000008009800        0x0 linker stubs

.v4_bx          0x0000000008009800        0x0
 .v4_bx         0x0000000008009800        0x0 linker stubs

.iplt           0x0000000008009800        0x0
 .iplt          0x0000000008009800        0x0 c:/st/stm32cubeide_1.9.0/stm32cubeide/plugins/com.st.stm32cube.ide.mcu.externaltools.gnu-tools-for-stm32.10.3-2021.10.win32_1.0.0.202111181127/tools/bin/../lib/gcc/arm-none-eabi/10.3.1/thumb/v7e-m+dp/hard/crtbegin.o

.rodata         0x0000000008009800       0x48
                0x0000000008009800                . = ALIGN (0x4)
 *(.rodata)
 .rodata        0x0000000008009800        0x8 ./Core/Src/main.o
 *(.rodata*)
 .rodata.D1CorePrescTable
                0x0000000008009808       0x10 ./Core/Src/system_stm32h7xx.o
                0x0000000008009808                D1CorePrescTable
 .rodata.flagBitshiftOffset.0
                0x0000000008009818        0x8 ./Drivers/STM32H7xx_HAL_Driver/Src/stm32h7xx_hal_dma.o
 .rodata.UARTPrescTable
                0x0000000008009820       0x18 ./Drivers/STM32H7xx_HAL_Driver/Src/stm32h7xx_hal_uart.o
                0x0000000008009820                UARTPrescTable
 .rodata.numerator.1
                0x0000000008009838        0x8 ./Drivers/STM32H7xx_HAL_Driver/Src/stm32h7xx_hal_uart_ex.o
 .rodata.denominator.0
                0x0000000008009840        0x8 ./Drivers/STM32H7xx_HAL_Driver/Src/stm32h7xx_hal_uart_ex.o
                0x0000000008009848                . = ALIGN (0x4)

.ARM.extab
 *(.ARM.extab* .gnu.linkonce.armextab.*)

.ARM            0x0000000008009848        0x8
                0x0000000008009848                __exidx_start = .
 *(.ARM.exidx*)
 .ARM.exidx     0x0000000008009848        0x8 c:/st/stm32cubeide_1.9.0/stm32cubeide/plugins/com.st.stm32cube.ide.mcu.externaltools.gnu-tools-for-stm32.10.3-2021.10.win32_1.0.0.202111181127/tools/bin/../lib/gcc/arm-none-eabi/10.3.1/thumb/v7e-m+dp/hard\libgcc.a(_udivmoddi4.o)
                0x0000000008009850                __exidx_end = .

.rel.dyn        0x0000000008009850        0x0
 .rel.iplt      0x0000000008009850        0x0 c:/st/stm32cubeide_1.9.0/stm32cubeide/plugins/com.st.stm32cube.ide.mcu.externaltools.gnu-tools-for-stm32.10.3-2021.10.win32_1.0.0.202111181127/tools/bin/../lib/gcc/arm-none-eabi/10.3.1/thumb/v7e-m+dp/hard/crtbegin.o

.preinit_array  0x0000000008009850        0x0
                0x0000000008009850                PROVIDE (__preinit_array_start = .)
 *(.preinit_array*)
                0x0000000008009850                PROVIDE (__preinit_array_end = .)

.init_array     0x0000000008009850        0x4
                0x0000000008009850                PROVIDE (__init_array_start = .)
 *(SORT_BY_NAME(.init_array.*))
 *(.init_array*)
 .init_array    0x0000000008009850        0x4 c:/st/stm32cubeide_1.9.0/stm32cubeide/plugins/com.st.stm32cube.ide.mcu.externaltools.gnu-tools-for-stm32.10.3-2021.10.win32_1.0.0.202111181127/tools/bin/../lib/gcc/arm-none-eabi/10.3.1/thumb/v7e-m+dp/hard/crtbegin.o
                0x0000000008009854                PROVIDE (__init_array_end = .)

.fini_array     0x0000000008009854        0x4
                [!provide]                        PROVIDE (__fini_array_start = .)
 *(SORT_BY_NAME(.fini_array.*))
 *(.fini_array*)
 .fini_array    0x0000000008009854        0x4 c:/st/stm32cubeide_1.9.0/stm32cubeide/plugins/com.st.stm32cube.ide.mcu.externaltools.gnu-tools-for-stm32.10.3-2021.10.win32_1.0.0.202111181127/tools/bin/../lib/gcc/arm-none-eabi/10.3.1/thumb/v7e-m+dp/hard/crtbegin.o
                [!provide]                        PROVIDE (__fini_array_end = .)
                0x0000000008009858                _sidata = LOADADDR (.data)

.data           0x0000000024000000       0x14 load address 0x0000000008009858
                0x0000000024000000                . = ALIGN (0x4)
                0x0000000024000000                _sdata = .
 *(.data)
 *(.data*)
 .data.returnBuffer.0
                0x0000000024000000        0x2 ./Core/Src/main.o
 *fill*         0x0000000024000002        0x2 
 .data.SystemCoreClock
                0x0000000024000004        0x4 ./Core/Src/system_stm32h7xx.o
                0x0000000024000004                SystemCoreClock
 .data.SystemD2Clock
                0x0000000024000008        0x4 ./Core/Src/system_stm32h7xx.o
                0x0000000024000008                SystemD2Clock
 .data.uwTickPrio
                0x000000002400000c        0x4 ./Drivers/STM32H7xx_HAL_Driver/Src/stm32h7xx_hal.o
                0x000000002400000c                uwTickPrio
 .data.uwTickFreq
                0x0000000024000010        0x1 ./Drivers/STM32H7xx_HAL_Driver/Src/stm32h7xx_hal.o
                0x0000000024000010                uwTickFreq
 *(.RamFunc)
 *(.RamFunc*)
                0x0000000024000014                . = ALIGN (0x4)
 *fill*         0x0000000024000011        0x3 
                0x0000000024000014                _edata = .

.igot.plt       0x0000000024000014        0x0 load address 0x000000000800986c
 .igot.plt      0x0000000024000014        0x0 c:/st/stm32cubeide_1.9.0/stm32cubeide/plugins/com.st.stm32cube.ide.mcu.externaltools.gnu-tools-for-stm32.10.3-2021.10.win32_1.0.0.202111181127/tools/bin/../lib/gcc/arm-none-eabi/10.3.1/thumb/v7e-m+dp/hard/crtbegin.o

.test           0x0000000024000014       0x80 load address 0x000000000800986c
 .test          0x0000000024000014       0x80 ./Core/Src/main.o
                0x0000000024000014                buffer
                0x0000000024000094                . = ALIGN (0x4)

.bss            0x0000000024000098     0x35e4 load address 0x00000000080098ec
                0x0000000024000098                _sbss = .
                0x0000000024000098                __bss_start__ = _sbss
 *(.bss)
 .bss           0x0000000024000098       0x1c c:/st/stm32cubeide_1.9.0/stm32cubeide/plugins/com.st.stm32cube.ide.mcu.externaltools.gnu-tools-for-stm32.10.3-2021.10.win32_1.0.0.202111181127/tools/bin/../lib/gcc/arm-none-eabi/10.3.1/thumb/v7e-m+dp/hard/crtbegin.o
 *(.bss*)
 .bss.countToExecute
                0x00000000240000b4        0x1 ./Core/Src/dict_and_queue.o
 .bss.nextFree  0x00000000240000b5        0x1 ./Core/Src/dict_and_queue.o
 .bss.toExecute
                0x00000000240000b6        0x1 ./Core/Src/dict_and_queue.o
 *fill*         0x00000000240000b7        0x1 
 .bss.dictionary
                0x00000000240000b8      0x400 ./Core/Src/dict_and_queue.o
 .bss.queue     0x00000000240004b8      0x800 ./Core/Src/dict_and_queue.o
 .bss.memBuffer
                0x0000000024000cb8     0x2800 ./Core/Src/dynamic_memory.o
 .bss.lastFree  0x00000000240034b8        0x4 ./Core/Src/dynamic_memory.o
                0x00000000240034b8                lastFree
 .bss.htim6     0x00000000240034bc       0x4c ./Core/Src/main.o
                0x00000000240034bc                htim6
 .bss.huart3    0x0000000024003508       0x90 ./Core/Src/main.o
                0x0000000024003508                huart3
 .bss.hdma_usart3_rx
                0x0000000024003598       0x78 ./Core/Src/main.o
                0x0000000024003598                hdma_usart3_rx
 .bss.timers    0x0000000024003610       0x68 ./Core/Src/timers.o
                0x0000000024003610                timers
 .bss.uwTick    0x0000000024003678        0x4 ./Drivers/STM32H7xx_HAL_Driver/Src/stm32h7xx_hal.o
                0x0000000024003678                uwTick
 *(COMMON)
                0x000000002400367c                . = ALIGN (0x4)
                0x000000002400367c                _ebss = .
                0x000000002400367c                __bss_end__ = _ebss

._user_heap_stack
                0x000000002400367c      0x604 load address 0x00000000080098ec
                0x0000000024003680                . = ALIGN (0x8)
 *fill*         0x000000002400367c        0x4 
                [!provide]                        PROVIDE (end = .)
                0x0000000024003680                PROVIDE (_end = .)
                0x0000000024003880                . = (. + _Min_Heap_Size)
 *fill*         0x0000000024003680      0x200 
                0x0000000024003c80                . = (. + _Min_Stack_Size)
 *fill*         0x0000000024003880      0x400 
                0x0000000024003c80                . = ALIGN (0x8)

/DISCARD/
 libc.a(*)
 libm.a(*)
 libgcc.a(*)

.ARM.attributes
                0x0000000000000000       0x2e
 *(.ARM.attributes)
 .ARM.attributes
                0x0000000000000000       0x1e c:/st/stm32cubeide_1.9.0/stm32cubeide/plugins/com.st.stm32cube.ide.mcu.externaltools.gnu-tools-for-stm32.10.3-2021.10.win32_1.0.0.202111181127/tools/bin/../lib/gcc/arm-none-eabi/10.3.1/thumb/v7e-m+dp/hard/crti.o
 .ARM.attributes
                0x000000000000001e       0x32 c:/st/stm32cubeide_1.9.0/stm32cubeide/plugins/com.st.stm32cube.ide.mcu.externaltools.gnu-tools-for-stm32.10.3-2021.10.win32_1.0.0.202111181127/tools/bin/../lib/gcc/arm-none-eabi/10.3.1/thumb/v7e-m+dp/hard/crtbegin.o
 .ARM.attributes
                0x0000000000000050       0x32 ./Core/Src/dict_and_queue.o
 .ARM.attributes
                0x0000000000000082       0x32 ./Core/Src/dynamic_memory.o
 .ARM.attributes
                0x00000000000000b4       0x32 ./Core/Src/led_functions.o
 .ARM.attributes
                0x00000000000000e6       0x32 ./Core/Src/main.o
 .ARM.attributes
                0x0000000000000118       0x32 ./Core/Src/stm32h7xx_hal_msp.o
 .ARM.attributes
                0x000000000000014a       0x32 ./Core/Src/stm32h7xx_it.o
 .ARM.attributes
                0x000000000000017c       0x32 ./Core/Src/system_stm32h7xx.o
 .ARM.attributes
                0x00000000000001ae       0x32 ./Core/Src/timers.o
 .ARM.attributes
                0x00000000000001e0       0x21 ./Core/Startup/startup_stm32h753zitx.o
 .ARM.attributes
                0x0000000000000201       0x32 ./Drivers/STM32H7xx_HAL_Driver/Src/stm32h7xx_hal.o
 .ARM.attributes
                0x0000000000000233       0x32 ./Drivers/STM32H7xx_HAL_Driver/Src/stm32h7xx_hal_cortex.o
 .ARM.attributes
                0x0000000000000265       0x32 ./Drivers/STM32H7xx_HAL_Driver/Src/stm32h7xx_hal_dma.o
 .ARM.attributes
                0x0000000000000297       0x32 ./Drivers/STM32H7xx_HAL_Driver/Src/stm32h7xx_hal_gpio.o
 .ARM.attributes
                0x00000000000002c9       0x32 ./Drivers/STM32H7xx_HAL_Driver/Src/stm32h7xx_hal_pwr_ex.o
 .ARM.attributes
                0x00000000000002fb       0x32 ./Drivers/STM32H7xx_HAL_Driver/Src/stm32h7xx_hal_rcc.o
 .ARM.attributes
                0x000000000000032d       0x32 ./Drivers/STM32H7xx_HAL_Driver/Src/stm32h7xx_hal_rcc_ex.o
 .ARM.attributes
                0x000000000000035f       0x32 ./Drivers/STM32H7xx_HAL_Driver/Src/stm32h7xx_hal_tim.o
 .ARM.attributes
                0x0000000000000391       0x32 ./Drivers/STM32H7xx_HAL_Driver/Src/stm32h7xx_hal_tim_ex.o
 .ARM.attributes
                0x00000000000003c3       0x32 ./Drivers/STM32H7xx_HAL_Driver/Src/stm32h7xx_hal_uart.o
 .ARM.attributes
                0x00000000000003f5       0x32 ./Drivers/STM32H7xx_HAL_Driver/Src/stm32h7xx_hal_uart_ex.o
 .ARM.attributes
                0x0000000000000427       0x32 c:/st/stm32cubeide_1.9.0/stm32cubeide/plugins/com.st.stm32cube.ide.mcu.externaltools.gnu-tools-for-stm32.10.3-2021.10.win32_1.0.0.202111181127/tools/bin/../lib/gcc/arm-none-eabi/10.3.1/../../../../arm-none-eabi/lib/thumb/v7e-m+dp/hard\libc_nano.a(lib_a-init.o)
 .ARM.attributes
                0x0000000000000459       0x32 c:/st/stm32cubeide_1.9.0/stm32cubeide/plugins/com.st.stm32cube.ide.mcu.externaltools.gnu-tools-for-stm32.10.3-2021.10.win32_1.0.0.202111181127/tools/bin/../lib/gcc/arm-none-eabi/10.3.1/../../../../arm-none-eabi/lib/thumb/v7e-m+dp/hard\libc_nano.a(lib_a-memcpy-stub.o)
 .ARM.attributes
                0x000000000000048b       0x32 c:/st/stm32cubeide_1.9.0/stm32cubeide/plugins/com.st.stm32cube.ide.mcu.externaltools.gnu-tools-for-stm32.10.3-2021.10.win32_1.0.0.202111181127/tools/bin/../lib/gcc/arm-none-eabi/10.3.1/../../../../arm-none-eabi/lib/thumb/v7e-m+dp/hard\libc_nano.a(lib_a-memset.o)
 .ARM.attributes
                0x00000000000004bd       0x1e c:/st/stm32cubeide_1.9.0/stm32cubeide/plugins/com.st.stm32cube.ide.mcu.externaltools.gnu-tools-for-stm32.10.3-2021.10.win32_1.0.0.202111181127/tools/bin/../lib/gcc/arm-none-eabi/10.3.1/thumb/v7e-m+dp/hard\libgcc.a(_aeabi_uldivmod.o)
 .ARM.attributes
                0x00000000000004db       0x32 c:/st/stm32cubeide_1.9.0/stm32cubeide/plugins/com.st.stm32cube.ide.mcu.externaltools.gnu-tools-for-stm32.10.3-2021.10.win32_1.0.0.202111181127/tools/bin/../lib/gcc/arm-none-eabi/10.3.1/thumb/v7e-m+dp/hard\libgcc.a(_udivmoddi4.o)
 .ARM.attributes
                0x000000000000050d       0x1e c:/st/stm32cubeide_1.9.0/stm32cubeide/plugins/com.st.stm32cube.ide.mcu.externaltools.gnu-tools-for-stm32.10.3-2021.10.win32_1.0.0.202111181127/tools/bin/../lib/gcc/arm-none-eabi/10.3.1/thumb/v7e-m+dp/hard\libgcc.a(_dvmd_tls.o)
 .ARM.attributes
                0x000000000000052b       0x1e c:/st/stm32cubeide_1.9.0/stm32cubeide/plugins/com.st.stm32cube.ide.mcu.externaltools.gnu-tools-for-stm32.10.3-2021.10.win32_1.0.0.202111181127/tools/bin/../lib/gcc/arm-none-eabi/10.3.1/thumb/v7e-m+dp/hard/crtn.o
OUTPUT(ComTest.elf elf32-littlearm)
LOAD linker stubs
LOAD c:/st/stm32cubeide_1.9.0/stm32cubeide/plugins/com.st.stm32cube.ide.mcu.externaltools.gnu-tools-for-stm32.10.3-2021.10.win32_1.0.0.202111181127/tools/bin/../lib/gcc/arm-none-eabi/10.3.1/../../../../arm-none-eabi/lib/thumb/v7e-m+dp/hard\libc.a
LOAD c:/st/stm32cubeide_1.9.0/stm32cubeide/plugins/com.st.stm32cube.ide.mcu.externaltools.gnu-tools-for-stm32.10.3-2021.10.win32_1.0.0.202111181127/tools/bin/../lib/gcc/arm-none-eabi/10.3.1/../../../../arm-none-eabi/lib/thumb/v7e-m+dp/hard\libm.a
LOAD c:/st/stm32cubeide_1.9.0/stm32cubeide/plugins/com.st.stm32cube.ide.mcu.externaltools.gnu-tools-for-stm32.10.3-2021.10.win32_1.0.0.202111181127/tools/bin/../lib/gcc/arm-none-eabi/10.3.1/thumb/v7e-m+dp/hard\libgcc.a

.debug_info     0x0000000000000000    0x18182
 .debug_info    0x0000000000000000      0x301 ./Core/Src/dict_and_queue.o
 .debug_info    0x0000000000000301      0x14c ./Core/Src/dynamic_memory.o
 .debug_info    0x000000000000044d      0x31c ./Core/Src/led_functions.o
 .debug_info    0x0000000000000769     0x24b1 ./Core/Src/main.o
 .debug_info    0x0000000000002c1a     0x1913 ./Core/Src/stm32h7xx_hal_msp.o
 .debug_info    0x000000000000452d      0xd55 ./Core/Src/stm32h7xx_it.o
 .debug_info    0x0000000000005282      0xd07 ./Core/Src/system_stm32h7xx.o
 .debug_info    0x0000000000005f89      0xadd ./Core/Src/timers.o
 .debug_info    0x0000000000006a66       0x22 ./Core/Startup/startup_stm32h753zitx.o
 .debug_info    0x0000000000006a88     0x15dd ./Drivers/STM32H7xx_HAL_Driver/Src/stm32h7xx_hal.o
 .debug_info    0x0000000000008065     0x1173 ./Drivers/STM32H7xx_HAL_Driver/Src/stm32h7xx_hal_cortex.o
 .debug_info    0x00000000000091d8      0xcd5 ./Drivers/STM32H7xx_HAL_Driver/Src/stm32h7xx_hal_dma.o
 .debug_info    0x0000000000009ead      0xd28 ./Drivers/STM32H7xx_HAL_Driver/Src/stm32h7xx_hal_gpio.o
 .debug_info    0x000000000000abd5     0x109d ./Drivers/STM32H7xx_HAL_Driver/Src/stm32h7xx_hal_pwr_ex.o
 .debug_info    0x000000000000bc72      0xf4a ./Drivers/STM32H7xx_HAL_Driver/Src/stm32h7xx_hal_rcc.o
 .debug_info    0x000000000000cbbc     0x12b4 ./Drivers/STM32H7xx_HAL_Driver/Src/stm32h7xx_hal_rcc_ex.o
 .debug_info    0x000000000000de70     0x2dd1 ./Drivers/STM32H7xx_HAL_Driver/Src/stm32h7xx_hal_tim.o
 .debug_info    0x0000000000010c41     0x18f4 ./Drivers/STM32H7xx_HAL_Driver/Src/stm32h7xx_hal_tim_ex.o
 .debug_info    0x0000000000012535     0x4c42 ./Drivers/STM32H7xx_HAL_Driver/Src/stm32h7xx_hal_uart.o
 .debug_info    0x0000000000017177     0x100b ./Drivers/STM32H7xx_HAL_Driver/Src/stm32h7xx_hal_uart_ex.o

.debug_abbrev   0x0000000000000000     0x2ad0
 .debug_abbrev  0x0000000000000000      0x184 ./Core/Src/dict_and_queue.o
 .debug_abbrev  0x0000000000000184       0xc8 ./Core/Src/dynamic_memory.o
 .debug_abbrev  0x000000000000024c      0x148 ./Core/Src/led_functions.o
 .debug_abbrev  0x0000000000000394      0x3c3 ./Core/Src/main.o
 .debug_abbrev  0x0000000000000757      0x229 ./Core/Src/stm32h7xx_hal_msp.o
 .debug_abbrev  0x0000000000000980      0x1c1 ./Core/Src/stm32h7xx_it.o
 .debug_abbrev  0x0000000000000b41      0x147 ./Core/Src/system_stm32h7xx.o
 .debug_abbrev  0x0000000000000c88      0x218 ./Core/Src/timers.o
 .debug_abbrev  0x0000000000000ea0       0x12 ./Core/Startup/startup_stm32h753zitx.o
 .debug_abbrev  0x0000000000000eb2      0x289 ./Drivers/STM32H7xx_HAL_Driver/Src/stm32h7xx_hal.o
 .debug_abbrev  0x000000000000113b      0x329 ./Drivers/STM32H7xx_HAL_Driver/Src/stm32h7xx_hal_cortex.o
 .debug_abbrev  0x0000000000001464      0x239 ./Drivers/STM32H7xx_HAL_Driver/Src/stm32h7xx_hal_dma.o
 .debug_abbrev  0x000000000000169d      0x1ec ./Drivers/STM32H7xx_HAL_Driver/Src/stm32h7xx_hal_gpio.o
 .debug_abbrev  0x0000000000001889      0x28f ./Drivers/STM32H7xx_HAL_Driver/Src/stm32h7xx_hal_pwr_ex.o
 .debug_abbrev  0x0000000000001b18      0x2b8 ./Drivers/STM32H7xx_HAL_Driver/Src/stm32h7xx_hal_rcc.o
 .debug_abbrev  0x0000000000001dd0      0x25c ./Drivers/STM32H7xx_HAL_Driver/Src/stm32h7xx_hal_rcc_ex.o
 .debug_abbrev  0x000000000000202c      0x25d ./Drivers/STM32H7xx_HAL_Driver/Src/stm32h7xx_hal_tim.o
 .debug_abbrev  0x0000000000002289      0x265 ./Drivers/STM32H7xx_HAL_Driver/Src/stm32h7xx_hal_tim_ex.o
 .debug_abbrev  0x00000000000024ee      0x325 ./Drivers/STM32H7xx_HAL_Driver/Src/stm32h7xx_hal_uart.o
 .debug_abbrev  0x0000000000002813      0x2bd ./Drivers/STM32H7xx_HAL_Driver/Src/stm32h7xx_hal_uart_ex.o

.debug_aranges  0x0000000000000000     0x1150
 .debug_aranges
                0x0000000000000000       0x48 ./Core/Src/dict_and_queue.o
 .debug_aranges
                0x0000000000000048       0x28 ./Core/Src/dynamic_memory.o
 .debug_aranges
                0x0000000000000070       0x38 ./Core/Src/led_functions.o
 .debug_aranges
                0x00000000000000a8       0x78 ./Core/Src/main.o
 .debug_aranges
                0x0000000000000120       0x40 ./Core/Src/stm32h7xx_hal_msp.o
 .debug_aranges
                0x0000000000000160       0x78 ./Core/Src/stm32h7xx_it.o
 .debug_aranges
                0x00000000000001d8       0x28 ./Core/Src/system_stm32h7xx.o
 .debug_aranges
                0x0000000000000200       0x50 ./Core/Src/timers.o
 .debug_aranges
                0x0000000000000250       0x28 ./Core/Startup/startup_stm32h753zitx.o
 .debug_aranges
                0x0000000000000278      0x198 ./Drivers/STM32H7xx_HAL_Driver/Src/stm32h7xx_hal.o
 .debug_aranges
                0x0000000000000410      0x120 ./Drivers/STM32H7xx_HAL_Driver/Src/stm32h7xx_hal_cortex.o
 .debug_aranges
                0x0000000000000530       0xa0 ./Drivers/STM32H7xx_HAL_Driver/Src/stm32h7xx_hal_dma.o
 .debug_aranges
                0x00000000000005d0       0x58 ./Drivers/STM32H7xx_HAL_Driver/Src/stm32h7xx_hal_gpio.o
 .debug_aranges
                0x0000000000000628      0x158 ./Drivers/STM32H7xx_HAL_Driver/Src/stm32h7xx_hal_pwr_ex.o
 .debug_aranges
                0x0000000000000780       0x88 ./Drivers/STM32H7xx_HAL_Driver/Src/stm32h7xx_hal_rcc.o
 .debug_aranges
                0x0000000000000808       0xf8 ./Drivers/STM32H7xx_HAL_Driver/Src/stm32h7xx_hal_rcc_ex.o
 .debug_aranges
                0x0000000000000900      0x3e0 ./Drivers/STM32H7xx_HAL_Driver/Src/stm32h7xx_hal_tim.o
 .debug_aranges
                0x0000000000000ce0      0x188 ./Drivers/STM32H7xx_HAL_Driver/Src/stm32h7xx_hal_tim_ex.o
 .debug_aranges
                0x0000000000000e68      0x248 ./Drivers/STM32H7xx_HAL_Driver/Src/stm32h7xx_hal_uart.o
 .debug_aranges
                0x00000000000010b0       0xa0 ./Drivers/STM32H7xx_HAL_Driver/Src/stm32h7xx_hal_uart_ex.o

.debug_ranges   0x0000000000000000     0x1048
 .debug_ranges  0x0000000000000000       0x38 ./Core/Src/dict_and_queue.o
 .debug_ranges  0x0000000000000038       0x18 ./Core/Src/dynamic_memory.o
 .debug_ranges  0x0000000000000050       0x28 ./Core/Src/led_functions.o
 .debug_ranges  0x0000000000000078       0x68 ./Core/Src/main.o
 .debug_ranges  0x00000000000000e0       0x30 ./Core/Src/stm32h7xx_hal_msp.o
 .debug_ranges  0x0000000000000110       0x68 ./Core/Src/stm32h7xx_it.o
 .debug_ranges  0x0000000000000178       0x18 ./Core/Src/system_stm32h7xx.o
 .debug_ranges  0x0000000000000190       0x40 ./Core/Src/timers.o
 .debug_ranges  0x00000000000001d0       0x20 ./Core/Startup/startup_stm32h753zitx.o
 .debug_ranges  0x00000000000001f0      0x188 ./Drivers/STM32H7xx_HAL_Driver/Src/stm32h7xx_hal.o
 .debug_ranges  0x0000000000000378      0x110 ./Drivers/STM32H7xx_HAL_Driver/Src/stm32h7xx_hal_cortex.o
 .debug_ranges  0x0000000000000488       0x90 ./Drivers/STM32H7xx_HAL_Driver/Src/stm32h7xx_hal_dma.o
 .debug_ranges  0x0000000000000518       0x48 ./Drivers/STM32H7xx_HAL_Driver/Src/stm32h7xx_hal_gpio.o
 .debug_ranges  0x0000000000000560      0x148 ./Drivers/STM32H7xx_HAL_Driver/Src/stm32h7xx_hal_pwr_ex.o
 .debug_ranges  0x00000000000006a8       0x78 ./Drivers/STM32H7xx_HAL_Driver/Src/stm32h7xx_hal_rcc.o
 .debug_ranges  0x0000000000000720       0xe8 ./Drivers/STM32H7xx_HAL_Driver/Src/stm32h7xx_hal_rcc_ex.o
 .debug_ranges  0x0000000000000808      0x3d0 ./Drivers/STM32H7xx_HAL_Driver/Src/stm32h7xx_hal_tim.o
 .debug_ranges  0x0000000000000bd8      0x178 ./Drivers/STM32H7xx_HAL_Driver/Src/stm32h7xx_hal_tim_ex.o
 .debug_ranges  0x0000000000000d50      0x268 ./Drivers/STM32H7xx_HAL_Driver/Src/stm32h7xx_hal_uart.o
 .debug_ranges  0x0000000000000fb8       0x90 ./Drivers/STM32H7xx_HAL_Driver/Src/stm32h7xx_hal_uart_ex.o

.debug_macro    0x0000000000000000    0x37820
 .debug_macro   0x0000000000000000      0x15e ./Core/Src/dict_and_queue.o
 .debug_macro   0x000000000000015e      0xa90 ./Core/Src/dict_and_queue.o
 .debug_macro   0x0000000000000bee       0x22 ./Core/Src/dict_and_queue.o
 .debug_macro   0x0000000000000c10       0x8e ./Core/Src/dict_and_queue.o
 .debug_macro   0x0000000000000c9e       0x51 ./Core/Src/dict_and_queue.o
 .debug_macro   0x0000000000000cef      0x103 ./Core/Src/dict_and_queue.o
 .debug_macro   0x0000000000000df2       0x6a ./Core/Src/dict_and_queue.o
 .debug_macro   0x0000000000000e5c      0x1df ./Core/Src/dict_and_queue.o
 .debug_macro   0x000000000000103b       0x22 ./Core/Src/dict_and_queue.o
 .debug_macro   0x000000000000105d       0x52 ./Core/Src/dict_and_queue.o
 .debug_macro   0x00000000000010af       0x1d ./Core/Src/dict_and_queue.o
 .debug_macro   0x00000000000010cc       0x3c ./Core/Src/dict_and_queue.o
 .debug_macro   0x0000000000001108       0x34 ./Core/Src/dict_and_queue.o
 .debug_macro   0x000000000000113c      0x174 ./Core/Src/dict_and_queue.o
 .debug_macro   0x00000000000012b0       0x16 ./Core/Src/dict_and_queue.o
 .debug_macro   0x00000000000012c6       0x43 ./Core/Src/dict_and_queue.o
 .debug_macro   0x0000000000001309       0x34 ./Core/Src/dict_and_queue.o
 .debug_macro   0x000000000000133d       0x10 ./Core/Src/dict_and_queue.o
 .debug_macro   0x000000000000134d       0x58 ./Core/Src/dict_and_queue.o
 .debug_macro   0x00000000000013a5       0x71 ./Core/Src/dict_and_queue.o
 .debug_macro   0x0000000000001416       0x1c ./Core/Src/dict_and_queue.o
 .debug_macro   0x0000000000001432      0x12a ./Core/Src/dict_and_queue.o
 .debug_macro   0x000000000000155c      0x341 ./Core/Src/dict_and_queue.o
 .debug_macro   0x000000000000189d       0x10 ./Core/Src/dict_and_queue.o
 .debug_macro   0x00000000000018ad       0x35 ./Core/Src/dict_and_queue.o
 .debug_macro   0x00000000000018e2       0x20 ./Core/Src/dict_and_queue.o
 .debug_macro   0x0000000000001902       0x2e ./Core/Src/dict_and_queue.o
 .debug_macro   0x0000000000001930       0x7b ./Core/Src/dynamic_memory.o
 .debug_macro   0x00000000000019ab      0x2ba ./Core/Src/led_functions.o
 .debug_macro   0x0000000000001c65      0x238 ./Core/Src/led_functions.o
 .debug_macro   0x0000000000001e9d       0x2e ./Core/Src/led_functions.o
 .debug_macro   0x0000000000001ecb       0x3b ./Core/Src/led_functions.o
 .debug_macro   0x0000000000001f06       0x1c ./Core/Src/led_functions.o
 .debug_macro   0x0000000000001f22       0x22 ./Core/Src/led_functions.o
 .debug_macro   0x0000000000001f44       0xfb ./Core/Src/led_functions.o
 .debug_macro   0x000000000000203f     0x1305 ./Core/Src/led_functions.o
 .debug_macro   0x0000000000003344      0x11f ./Core/Src/led_functions.o
 .debug_macro   0x0000000000003463       0x27 ./Core/Src/led_functions.o
 .debug_macro   0x000000000000348a    0x25ea4 ./Core/Src/led_functions.o
 .debug_macro   0x000000000002932e       0x6d ./Core/Src/led_functions.o
 .debug_macro   0x000000000002939b     0x3d22 ./Core/Src/led_functions.o
 .debug_macro   0x000000000002d0bd      0x19b ./Core/Src/led_functions.o
 .debug_macro   0x000000000002d258       0x5d ./Core/Src/led_functions.o
 .debug_macro   0x000000000002d2b5     0x240e ./Core/Src/led_functions.o
 .debug_macro   0x000000000002f6c3     0x1002 ./Core/Src/led_functions.o
 .debug_macro   0x00000000000306c5      0x14d ./Core/Src/led_functions.o
 .debug_macro   0x0000000000030812      0x114 ./Core/Src/led_functions.o
 .debug_macro   0x0000000000030926      0x3b2 ./Core/Src/led_functions.o
 .debug_macro   0x0000000000030cd8       0xac ./Core/Src/led_functions.o
 .debug_macro   0x0000000000030d84      0x72d ./Core/Src/led_functions.o
 .debug_macro   0x00000000000314b1      0x228 ./Core/Src/led_functions.o
 .debug_macro   0x00000000000316d9       0x66 ./Core/Src/led_functions.o
 .debug_macro   0x000000000003173f      0x3bb ./Core/Src/led_functions.o
 .debug_macro   0x0000000000031afa      0x3e4 ./Core/Src/led_functions.o
 .debug_macro   0x0000000000031ede      0x275 ./Core/Src/led_functions.o
 .debug_macro   0x0000000000032153      0x3ca ./Core/Src/led_functions.o
 .debug_macro   0x000000000003251d      0x408 ./Core/Src/led_functions.o
 .debug_macro   0x0000000000032925       0x51 ./Core/Src/led_functions.o
 .debug_macro   0x0000000000032976       0x4a ./Core/Src/led_functions.o
 .debug_macro   0x00000000000329c0      0x22c ./Core/Src/led_functions.o
 .debug_macro   0x0000000000032bec       0x67 ./Core/Src/led_functions.o
 .debug_macro   0x0000000000032c53       0xa5 ./Core/Src/led_functions.o
 .debug_macro   0x0000000000032cf8      0x1c4 ./Core/Src/led_functions.o
 .debug_macro   0x0000000000032ebc      0x25e ./Core/Src/led_functions.o
 .debug_macro   0x000000000003311a       0x35 ./Core/Src/led_functions.o
 .debug_macro   0x000000000003314f      0xaec ./Core/Src/led_functions.o
 .debug_macro   0x0000000000033c3b      0x29f ./Core/Src/led_functions.o
 .debug_macro   0x0000000000033eda      0x67e ./Core/Src/led_functions.o
 .debug_macro   0x0000000000034558       0xa6 ./Core/Src/led_functions.o
 .debug_macro   0x00000000000345fe      0x5a0 ./Core/Src/led_functions.o
 .debug_macro   0x0000000000034b9e       0x2e ./Core/Src/led_functions.o
 .debug_macro   0x0000000000034bcc      0x2e2 ./Core/Src/main.o
 .debug_macro   0x0000000000034eae       0x28 ./Core/Src/main.o
 .debug_macro   0x0000000000034ed6      0x2b6 ./Core/Src/stm32h7xx_hal_msp.o
 .debug_macro   0x000000000003518c      0x2c0 ./Core/Src/stm32h7xx_it.o
 .debug_macro   0x000000000003544c      0x2a7 ./Core/Src/system_stm32h7xx.o
 .debug_macro   0x00000000000356f3      0x2c9 ./Core/Src/timers.o
 .debug_macro   0x00000000000359bc      0x2d1 ./Drivers/STM32H7xx_HAL_Driver/Src/stm32h7xx_hal.o
 .debug_macro   0x0000000000035c8d      0x2a7 ./Drivers/STM32H7xx_HAL_Driver/Src/stm32h7xx_hal_cortex.o
 .debug_macro   0x0000000000035f34      0x2fa ./Drivers/STM32H7xx_HAL_Driver/Src/stm32h7xx_hal_dma.o
 .debug_macro   0x000000000003622e      0x2ae ./Drivers/STM32H7xx_HAL_Driver/Src/stm32h7xx_hal_gpio.o
 .debug_macro   0x00000000000364dc      0x2e0 ./Drivers/STM32H7xx_HAL_Driver/Src/stm32h7xx_hal_pwr_ex.o
 .debug_macro   0x00000000000367bc      0x2cb ./Drivers/STM32H7xx_HAL_Driver/Src/stm32h7xx_hal_rcc.o
 .debug_macro   0x0000000000036a87      0x2c5 ./Drivers/STM32H7xx_HAL_Driver/Src/stm32h7xx_hal_rcc_ex.o
 .debug_macro   0x0000000000036d4c      0x2a8 ./Drivers/STM32H7xx_HAL_Driver/Src/stm32h7xx_hal_tim.o
 .debug_macro   0x0000000000036ff4      0x2a7 ./Drivers/STM32H7xx_HAL_Driver/Src/stm32h7xx_hal_tim_ex.o
 .debug_macro   0x000000000003729b      0x2d2 ./Drivers/STM32H7xx_HAL_Driver/Src/stm32h7xx_hal_uart.o
 .debug_macro   0x000000000003756d      0x2b3 ./Drivers/STM32H7xx_HAL_Driver/Src/stm32h7xx_hal_uart_ex.o

.debug_line     0x0000000000000000    0x17d21
 .debug_line    0x0000000000000000      0x659 ./Core/Src/dict_and_queue.o
 .debug_line    0x0000000000000659      0x3d5 ./Core/Src/dynamic_memory.o
 .debug_line    0x0000000000000a2e      0x91d ./Core/Src/led_functions.o
 .debug_line    0x000000000000134b      0xc76 ./Core/Src/main.o
 .debug_line    0x0000000000001fc1      0x90c ./Core/Src/stm32h7xx_hal_msp.o
 .debug_line    0x00000000000028cd      0x969 ./Core/Src/stm32h7xx_it.o
 .debug_line    0x0000000000003236      0x9f6 ./Core/Src/system_stm32h7xx.o
 .debug_line    0x0000000000003c2c      0x97f ./Core/Src/timers.o
 .debug_line    0x00000000000045ab       0x88 ./Core/Startup/startup_stm32h753zitx.o
 .debug_line    0x0000000000004633      0xdf4 ./Drivers/STM32H7xx_HAL_Driver/Src/stm32h7xx_hal.o
 .debug_line    0x0000000000005427      0xdfa ./Drivers/STM32H7xx_HAL_Driver/Src/stm32h7xx_hal_cortex.o
 .debug_line    0x0000000000006221     0x2743 ./Drivers/STM32H7xx_HAL_Driver/Src/stm32h7xx_hal_dma.o
 .debug_line    0x0000000000008964      0xcb7 ./Drivers/STM32H7xx_HAL_Driver/Src/stm32h7xx_hal_gpio.o
 .debug_line    0x000000000000961b      0xf0e ./Drivers/STM32H7xx_HAL_Driver/Src/stm32h7xx_hal_pwr_ex.o
 .debug_line    0x000000000000a529     0x1362 ./Drivers/STM32H7xx_HAL_Driver/Src/stm32h7xx_hal_rcc.o
 .debug_line    0x000000000000b88b     0x1b1c ./Drivers/STM32H7xx_HAL_Driver/Src/stm32h7xx_hal_rcc_ex.o
 .debug_line    0x000000000000d3a7     0x3ec1 ./Drivers/STM32H7xx_HAL_Driver/Src/stm32h7xx_hal_tim.o
 .debug_line    0x0000000000011268     0x1d9a ./Drivers/STM32H7xx_HAL_Driver/Src/stm32h7xx_hal_tim_ex.o
 .debug_line    0x0000000000013002     0x3e4d ./Drivers/STM32H7xx_HAL_Driver/Src/stm32h7xx_hal_uart.o
 .debug_line    0x0000000000016e4f      0xed2 ./Drivers/STM32H7xx_HAL_Driver/Src/stm32h7xx_hal_uart_ex.o

.debug_str      0x0000000000000000   0x1646f9
 .debug_str     0x0000000000000000     0x6dae ./Core/Src/dict_and_queue.o
                                       0x6fc2 (size before relaxing)
 .debug_str     0x0000000000006dae       0x5b ./Core/Src/dynamic_memory.o
                                       0x401f (size before relaxing)
 .debug_str     0x0000000000006e09   0x157533 ./Core/Src/led_functions.o
                                     0x15e4d6 (size before relaxing)
 .debug_str     0x000000000015e33c     0x1966 ./Core/Src/main.o
                                     0x16007a (size before relaxing)
 .debug_str     0x000000000015fca2      0x3db ./Core/Src/stm32h7xx_hal_msp.o
                                     0x15fbbc (size before relaxing)
 .debug_str     0x000000000016007d      0x141 ./Core/Src/stm32h7xx_it.o
                                     0x15edc8 (size before relaxing)
 .debug_str     0x00000000001601be      0x237 ./Core/Src/system_stm32h7xx.o
                                     0x15e870 (size before relaxing)
 .debug_str     0x00000000001603f5      0x188 ./Core/Src/timers.o
                                     0x15eb39 (size before relaxing)
 .debug_str     0x000000000016057d       0x36 ./Core/Startup/startup_stm32h753zitx.o
                                         0x79 (size before relaxing)
 .debug_str     0x00000000001605b3      0x7b3 ./Drivers/STM32H7xx_HAL_Driver/Src/stm32h7xx_hal.o
                                     0x15f795 (size before relaxing)
 .debug_str     0x0000000000160d66      0x275 ./Drivers/STM32H7xx_HAL_Driver/Src/stm32h7xx_hal_cortex.o
                                     0x15f198 (size before relaxing)
 .debug_str     0x0000000000160fdb      0x820 ./Drivers/STM32H7xx_HAL_Driver/Src/stm32h7xx_hal_dma.o
                                     0x15efaa (size before relaxing)
 .debug_str     0x00000000001617fb       0xc1 ./Drivers/STM32H7xx_HAL_Driver/Src/stm32h7xx_hal_gpio.o
                                     0x15e827 (size before relaxing)
 .debug_str     0x00000000001618bc      0x63b ./Drivers/STM32H7xx_HAL_Driver/Src/stm32h7xx_hal_pwr_ex.o
                                     0x15ece8 (size before relaxing)
 .debug_str     0x0000000000161ef7      0x22e ./Drivers/STM32H7xx_HAL_Driver/Src/stm32h7xx_hal_rcc.o
                                     0x15ec0b (size before relaxing)
 .debug_str     0x0000000000162125      0x641 ./Drivers/STM32H7xx_HAL_Driver/Src/stm32h7xx_hal_rcc_ex.o
                                     0x15f0c3 (size before relaxing)
 .debug_str     0x0000000000162766      0xe21 ./Drivers/STM32H7xx_HAL_Driver/Src/stm32h7xx_hal_tim.o
                                     0x15f99a (size before relaxing)
 .debug_str     0x0000000000163587      0x590 ./Drivers/STM32H7xx_HAL_Driver/Src/stm32h7xx_hal_tim_ex.o
                                     0x15f2d2 (size before relaxing)
 .debug_str     0x0000000000163b17      0x9b3 ./Drivers/STM32H7xx_HAL_Driver/Src/stm32h7xx_hal_uart.o
                                     0x15f724 (size before relaxing)
 .debug_str     0x00000000001644ca      0x22f ./Drivers/STM32H7xx_HAL_Driver/Src/stm32h7xx_hal_uart_ex.o
                                     0x15ecca (size before relaxing)

.comment        0x0000000000000000       0x50
 .comment       0x0000000000000000       0x50 ./Core/Src/dict_and_queue.o
                                         0x51 (size before relaxing)
 .comment       0x0000000000000050       0x51 ./Core/Src/dynamic_memory.o
 .comment       0x0000000000000050       0x51 ./Core/Src/led_functions.o
 .comment       0x0000000000000050       0x51 ./Core/Src/main.o
 .comment       0x0000000000000050       0x51 ./Core/Src/stm32h7xx_hal_msp.o
 .comment       0x0000000000000050       0x51 ./Core/Src/stm32h7xx_it.o
 .comment       0x0000000000000050       0x51 ./Core/Src/system_stm32h7xx.o
 .comment       0x0000000000000050       0x51 ./Core/Src/timers.o
 .comment       0x0000000000000050       0x51 ./Drivers/STM32H7xx_HAL_Driver/Src/stm32h7xx_hal.o
 .comment       0x0000000000000050       0x51 ./Drivers/STM32H7xx_HAL_Driver/Src/stm32h7xx_hal_cortex.o
 .comment       0x0000000000000050       0x51 ./Drivers/STM32H7xx_HAL_Driver/Src/stm32h7xx_hal_dma.o
 .comment       0x0000000000000050       0x51 ./Drivers/STM32H7xx_HAL_Driver/Src/stm32h7xx_hal_gpio.o
 .comment       0x0000000000000050       0x51 ./Drivers/STM32H7xx_HAL_Driver/Src/stm32h7xx_hal_pwr_ex.o
 .comment       0x0000000000000050       0x51 ./Drivers/STM32H7xx_HAL_Driver/Src/stm32h7xx_hal_rcc.o
 .comment       0x0000000000000050       0x51 ./Drivers/STM32H7xx_HAL_Driver/Src/stm32h7xx_hal_rcc_ex.o
 .comment       0x0000000000000050       0x51 ./Drivers/STM32H7xx_HAL_Driver/Src/stm32h7xx_hal_tim.o
 .comment       0x0000000000000050       0x51 ./Drivers/STM32H7xx_HAL_Driver/Src/stm32h7xx_hal_tim_ex.o
 .comment       0x0000000000000050       0x51 ./Drivers/STM32H7xx_HAL_Driver/Src/stm32h7xx_hal_uart.o
 .comment       0x0000000000000050       0x51 ./Drivers/STM32H7xx_HAL_Driver/Src/stm32h7xx_hal_uart_ex.o

.debug_frame    0x0000000000000000     0x48c8
 .debug_frame   0x0000000000000000       0xe8 ./Core/Src/dict_and_queue.o
 .debug_frame   0x00000000000000e8       0x5c ./Core/Src/dynamic_memory.o
 .debug_frame   0x0000000000000144       0xa0 ./Core/Src/led_functions.o
 .debug_frame   0x00000000000001e4      0x1a0 ./Core/Src/main.o
 .debug_frame   0x0000000000000384       0xcc ./Core/Src/stm32h7xx_hal_msp.o
 .debug_frame   0x0000000000000450      0x160 ./Core/Src/stm32h7xx_it.o
 .debug_frame   0x00000000000005b0       0x58 ./Core/Src/system_stm32h7xx.o
 .debug_frame   0x0000000000000608      0x114 ./Core/Src/timers.o
 .debug_frame   0x000000000000071c      0x690 ./Drivers/STM32H7xx_HAL_Driver/Src/stm32h7xx_hal.o
 .debug_frame   0x0000000000000dac      0x4b8 ./Drivers/STM32H7xx_HAL_Driver/Src/stm32h7xx_hal_cortex.o
 .debug_frame   0x0000000000001264      0x2b4 ./Drivers/STM32H7xx_HAL_Driver/Src/stm32h7xx_hal_dma.o
 .debug_frame   0x0000000000001518      0x14c ./Drivers/STM32H7xx_HAL_Driver/Src/stm32h7xx_hal_gpio.o
 .debug_frame   0x0000000000001664      0x580 ./Drivers/STM32H7xx_HAL_Driver/Src/stm32h7xx_hal_pwr_ex.o
 .debug_frame   0x0000000000001be4      0x1f8 ./Drivers/STM32H7xx_HAL_Driver/Src/stm32h7xx_hal_rcc.o
 .debug_frame   0x0000000000001ddc      0x3f4 ./Drivers/STM32H7xx_HAL_Driver/Src/stm32h7xx_hal_rcc_ex.o
 .debug_frame   0x00000000000021d0     0x121c ./Drivers/STM32H7xx_HAL_Driver/Src/stm32h7xx_hal_tim.o
 .debug_frame   0x00000000000033ec      0x6d8 ./Drivers/STM32H7xx_HAL_Driver/Src/stm32h7xx_hal_tim_ex.o
 .debug_frame   0x0000000000003ac4      0xa94 ./Drivers/STM32H7xx_HAL_Driver/Src/stm32h7xx_hal_uart.o
 .debug_frame   0x0000000000004558      0x29c ./Drivers/STM32H7xx_HAL_Driver/Src/stm32h7xx_hal_uart_ex.o
 .debug_frame   0x00000000000047f4       0x2c c:/st/stm32cubeide_1.9.0/stm32cubeide/plugins/com.st.stm32cube.ide.mcu.externaltools.gnu-tools-for-stm32.10.3-2021.10.win32_1.0.0.202111181127/tools/bin/../lib/gcc/arm-none-eabi/10.3.1/../../../../arm-none-eabi/lib/thumb/v7e-m+dp/hard\libc_nano.a(lib_a-init.o)
 .debug_frame   0x0000000000004820       0x28 c:/st/stm32cubeide_1.9.0/stm32cubeide/plugins/com.st.stm32cube.ide.mcu.externaltools.gnu-tools-for-stm32.10.3-2021.10.win32_1.0.0.202111181127/tools/bin/../lib/gcc/arm-none-eabi/10.3.1/../../../../arm-none-eabi/lib/thumb/v7e-m+dp/hard\libc_nano.a(lib_a-memcpy-stub.o)
 .debug_frame   0x0000000000004848       0x20 c:/st/stm32cubeide_1.9.0/stm32cubeide/plugins/com.st.stm32cube.ide.mcu.externaltools.gnu-tools-for-stm32.10.3-2021.10.win32_1.0.0.202111181127/tools/bin/../lib/gcc/arm-none-eabi/10.3.1/../../../../arm-none-eabi/lib/thumb/v7e-m+dp/hard\libc_nano.a(lib_a-memset.o)
 .debug_frame   0x0000000000004868       0x2c c:/st/stm32cubeide_1.9.0/stm32cubeide/plugins/com.st.stm32cube.ide.mcu.externaltools.gnu-tools-for-stm32.10.3-2021.10.win32_1.0.0.202111181127/tools/bin/../lib/gcc/arm-none-eabi/10.3.1/thumb/v7e-m+dp/hard\libgcc.a(_aeabi_uldivmod.o)
 .debug_frame   0x0000000000004894       0x34 c:/st/stm32cubeide_1.9.0/stm32cubeide/plugins/com.st.stm32cube.ide.mcu.externaltools.gnu-tools-for-stm32.10.3-2021.10.win32_1.0.0.202111181127/tools/bin/../lib/gcc/arm-none-eabi/10.3.1/thumb/v7e-m+dp/hard\libgcc.a(_udivmoddi4.o)
