../Core/Src/main.c:81:5:main	32	static,ignoring_inline_asm
../Core/Src/main.c:154:6:SystemClock_Config	120	static
../Core/Src/main.c:214:13:MX_TIM6_Init	24	static
../Core/Src/main.c:252:13:MX_USART3_UART_Init	8	static
../Core/Src/main.c:298:13:MX_DMA_Init	16	static
../Core/Src/main.c:316:13:MX_GPIO_Init	40	static
../Core/Src/main.c:349:6:registerFunctions	8	static
../Core/Src/main.c:357:6:wait	16	static
../Core/Src/main.c:362:6:HAL_UARTEx_RxEventCallback	16	static
../Core/Src/main.c:386:6:HAL_TIM_PeriodElapsedCallback	16	static
../Core/Src/main.c:395:6:MPU_Config	24	static
../Core/Src/main.c:426:6:Error_Handler	4	static,ignoring_inline_asm
